data/history/5873954476.csv
time,date,itemid,price,discount,price_before_discount,stock,sold,item_status,cmt_count,liked_count
1638749975,20211206,5873954476,2899000000000,,0,80,196,normal,641,4324
1638754579,20211206,5873954476,2899000000000,,0,80,196,normal,641,4324
1638757456,20211206,5873954476,2899000000000,,0,80,196,normal,641,4325
1638758961,20211206,5873954476,2899000000000,,0,80,196,normal,641,4325
1638759880,20211206,5873954476,2899000000000,,0,80,196,normal,641,4325
1638761791,20211206,5873954476,2899000000000,,0,80,196,normal,642,4326
1638763592,20211206,5873954476,2899000000000,,0,80,196,normal,642,4326
1638766008,20211206,5873954476,2899000000000,,0,80,196,normal,642,4327
1638767152,20211206,5873954476,2899000000000,,0,80,196,normal,642,4327
1638768787,20211206,5873954476,2899000000000,,0,79,196,normal,642,4327
1638770804,20211206,5873954476,2899000000000,,0,79,196,normal,642,4326
1638772974,20211206,5873954476,2899000000000,,0,79,196,normal,642,4326
1638774314,20211206,5873954476,2899000000000,,0,79,196,normal,642,4326
1638776022,20211206,5873954476,2899000000000,,0,79,196,normal,642,4326
1638777992,20211206,5873954476,2899000000000,,0,79,196,normal,642,4326
1638780048,20211206,5873954476,2899000000000,,0,79,196,normal,642,4328
1638781656,20211206,5873954476,2899000000000,,0,79,196,normal,642,4329
1638783455,20211206,5873954476,2899000000000,,0,81,196,normal,642,4328
1638785376,20211206,5873954476,2899000000000,,0,81,196,normal,642,4328
1638787138,20211206,5873954476,2899000000000,,0,81,196,normal,642,4327
1638788577,20211206,5873954476,2899000000000,,0,81,196,normal,642,4328
1638790302,20211206,5873954476,2899000000000,,0,81,196,normal,642,4328
1638792681,20211206,5873954476,2899000000000,,0,81,196,normal,642,4328
1638795266,20211206,5873954476,2899000000000,,0,81,196,normal,642,4328
1638796476,20211206,5873954476,2899000000000,,0,81,196,normal,642,4328
1638797985,20211206,5873954476,2899000000000,,0,81,196,normal,642,4327
1638799452,20211206,5873954476,2899000000000,,0,81,196,normal,642,4326
1638801210,20211206,5873954476,2899000000000,,0,81,196,normal,642,4326
1638803258,20211206,5873954476,2899000000000,,0,80,196,normal,642,4327
1638805220,20211206,5873954476,2899000000000,,0,80,196,normal,642,4327
1638806799,20211206,5873954476,2899000000000,,0,80,196,normal,642,4327
1638809336,20211206,5873954476,2899000000000,,0,80,196,normal,643,4327
1638810527,20211206,5873954476,2899000000000,,0,80,196,normal,643,4327
1638811953,20211206,5873954476,2899000000000,,0,80,196,normal,643,4327
1638813850,20211206,5873954476,2899000000000,,0,80,196,normal,643,4326
1638815720,20211206,5873954476,2899000000000,,0,80,196,normal,643,4326
1638817383,20211206,5873954476,2899000000000,,0,80,196,normal,643,4326
1638819091,20211206,5873954476,2899000000000,,0,80,196,normal,643,4326
1638821277,20211206,5873954476,2899000000000,,0,80,192,normal,643,4326
1638823056,20211206,5873954476,2899000000000,,0,80,192,normal,643,4326
1638824624,20211206,5873954476,2899000000000,,0,80,192,normal,643,4326
1638826477,20211206,5873954476,2899000000000,,0,80,192,normal,643,4326
1638828269,20211206,5873954476,2899000000000,,0,80,192,normal,643,4326
1638830103,20211206,5873954476,2899000000000,,0,80,192,normal,643,4326
1638831893,20211206,5873954476,2899000000000,,0,80,192,normal,643,4327
1638833795,20211206,5873954476,2899000000000,,0,80,192,normal,643,4327
1638836394,20211207,5873954476,2899000000000,,0,80,192,normal,643,4327
1638841137,20211207,5873954476,2899000000000,,0,80,192,normal,644,4326
1638844068,20211207,5873954476,2899000000000,,0,80,192,normal,644,4327
1638845551,20211207,5873954476,2899000000000,,0,80,192,normal,644,4327
1638846349,20211207,5873954476,2899000000000,,0,80,192,normal,644,4326
1638848261,20211207,5873954476,2899000000000,,0,80,192,normal,644,4326
1638850001,20211207,5873954476,2899000000000,,0,80,192,normal,644,4326
1638852454,20211207,5873954476,2899000000000,,0,80,192,normal,644,4326
1638853603,20211207,5873954476,2899000000000,,0,80,192,normal,644,4326
1638855210,20211207,5873954476,2899000000000,,0,80,192,normal,644,4326
1638857198,20211207,5873954476,2899000000000,,0,80,192,normal,644,4326
1638859420,20211207,5873954476,2899000000000,,0,82,192,normal,644,4327
1638860695,20211207,5873954476,2899000000000,,0,82,192,normal,644,4327
1638862444,20211207,5873954476,2899000000000,,0,82,192,normal,644,4327
1638864404,20211207,5873954476,2899000000000,,0,82,192,normal,644,4327
1638866516,20211207,5873954476,2899000000000,,0,82,192,normal,644,4327
1638867999,20211207,5873954476,2899000000000,,0,82,192,normal,644,4327
1638869909,20211207,5873954476,2899000000000,,0,82,192,normal,644,4327
1638871808,20211207,5873954476,2899000000000,,0,82,192,normal,644,4327
1638873645,20211207,5873954476,2899000000000,,0,82,192,normal,644,4328
1638875009,20211207,5873954476,2899000000000,,0,82,192,normal,644,4328
1638876847,20211207,5873954476,2899000000000,,0,82,192,normal,644,4328
1638879042,20211207,5873954476,2899000000000,,0,82,192,normal,644,4328
1638881849,20211207,5873954476,2899000000000,,0,82,192,normal,644,4329
1638883286,20211207,5873954476,2899000000000,,0,82,192,normal,644,4329
1638884517,20211207,5873954476,2899000000000,,0,82,192,normal,644,4329
1638885983,20211207,5873954476,2899000000000,,0,82,192,normal,644,4331
1638887734,20211207,5873954476,2899000000000,,0,82,192,normal,644,4330
1638889492,20211207,5873954476,2899000000000,,0,82,192,normal,644,4330
1638891682,20211207,5873954476,2899000000000,,0,82,192,normal,644,4330
1638893223,20211207,5873954476,2899000000000,,0,82,192,normal,644,4330
1638896389,20211207,5873954476,2899000000000,,0,82,192,normal,644,4330
1638897863,20211207,5873954476,2899000000000,,0,82,192,normal,644,4330
1638899031,20211207,5873954476,2899000000000,,0,82,192,normal,644,4330
1638900356,20211207,5873954476,2899000000000,,0,82,192,normal,644,4330
1638903786,20211207,5873954476,2899000000000,,0,82,192,normal,644,4330
1638905484,20211207,5873954476,2899000000000,,0,82,192,normal,644,4332
1638907526,20211207,5873954476,2899000000000,,0,82,192,normal,644,4332
1638909404,20211207,5873954476,2899000000000,,0,82,192,normal,644,4332
1638911027,20211207,5873954476,2899000000000,,0,82,192,normal,644,4332
1638912884,20211207,5873954476,2899000000000,,0,82,192,normal,644,4332
1638914637,20211207,5873954476,2899000000000,,0,82,192,normal,644,4332
1638916629,20211207,5873954476,2899000000000,,0,82,192,normal,644,4332
1638918260,20211207,5873954476,2899000000000,,0,82,192,normal,644,4332
1638922798,20211208,5873954476,2899000000000,,0,82,192,normal,644,4332
1638930313,20211208,5873954476,2899000000000,,0,82,192,normal,644,4331
1638931789,20211208,5873954476,2899000000000,,0,82,192,normal,644,4331
1638932676,20211208,5873954476,2899000000000,,0,82,192,normal,645,4331
1638934590,20211208,5873954476,2899000000000,,0,82,192,normal,645,4331
1638936386,20211208,5873954476,2899000000000,,0,92,192,normal,645,4331
1638938804,20211208,5873954476,2899000000000,,0,92,192,normal,645,4331
1638939935,20211208,5873954476,2899000000000,,0,92,192,normal,645,4331
1638941591,20211208,5873954476,2899000000000,,0,91,192,normal,645,4333
1638943589,20211208,5873954476,2899000000000,,0,90,192,normal,645,4333
1638945790,20211208,5873954476,2899000000000,,0,89,192,normal,645,4333
1638947076,20211208,5873954476,2899000000000,,0,89,192,normal,645,4333
1638948817,20211208,5873954476,2899000000000,,0,89,192,normal,645,4333
1638950791,20211208,5873954476,2899000000000,,0,91,192,normal,645,4333
1638954272,20211208,5873954476,2899000000000,,0,91,192,normal,645,4333
1638956213,20211208,5873954476,2899000000000,,0,91,192,normal,645,4333
1638958001,20211208,5873954476,2899000000000,,0,92,192,normal,645,4333
1638959913,20211208,5873954476,2899000000000,,0,92,192,normal,645,4333
1638961386,20211208,5873954476,2899000000000,,0,92,192,normal,645,4333
1638963109,20211208,5873954476,2899000000000,,0,92,192,normal,645,4333
1638965295,20211208,5873954476,2899000000000,,0,92,192,normal,645,4333
1638968069,20211208,5873954476,2899000000000,,0,92,192,normal,645,4333
1638969282,20211208,5873954476,2899000000000,,0,92,192,normal,645,4332
1638970738,20211208,5873954476,2899000000000,,0,92,192,normal,645,4332
1638972250,20211208,5873954476,2899000000000,,0,92,192,normal,645,4332
1638974029,20211208,5873954476,2899000000000,,0,92,192,normal,645,4331
1638975855,20211208,5873954476,2899000000000,,0,92,192,normal,645,4331
1638978002,20211208,5873954476,2899000000000,,0,92,192,normal,645,4331
1638979622,20211208,5873954476,2899000000000,,0,92,192,normal,645,4331
1638982637,20211208,5873954476,2899000000000,,0,92,192,normal,645,4331
1638983864,20211208,5873954476,2899000000000,,0,92,192,normal,646,4332
1638985316,20211208,5873954476,2899000000000,,0,92,192,normal,646,4332
1638986760,20211208,5873954476,2899000000000,,0,92,192,normal,646,4332
1638988900,20211208,5873954476,2899000000000,,0,92,192,normal,646,4332
1638990207,20211208,5873954476,2899000000000,,0,92,192,normal,646,4332
1638991877,20211208,5873954476,2899000000000,,0,92,192,normal,646,4332
1638993881,20211208,5873954476,2899000000000,,0,92,178,normal,646,4332
1638995796,20211208,5873954476,2899000000000,,0,92,178,normal,646,4332
1638997428,20211208,5873954476,2899000000000,,0,92,178,normal,646,4332
1638999236,20211208,5873954476,2899000000000,,0,92,178,normal,646,4332
1639001043,20211208,5873954476,2899000000000,,0,92,178,normal,646,4332
1639003002,20211208,5873954476,2899000000000,,0,92,178,normal,646,4332
1639004657,20211208,5873954476,2899000000000,,0,92,178,normal,646,4332
1639006536,20211208,5873954476,2899000000000,,0,92,178,normal,646,4332
1639009155,20211209,5873954476,2899000000000,,0,92,178,normal,646,4333
1639013755,20211209,5873954476,2899000000000,,0,92,178,normal,646,4333
1639016666,20211209,5873954476,2899000000000,,0,92,178,normal,646,4333
1639018157,20211209,5873954476,2899000000000,,0,92,178,normal,646,4333
1639019087,20211209,5873954476,2899000000000,,0,92,178,normal,646,4334
1639020984,20211209,5873954476,2899000000000,,0,92,178,normal,646,4334
1639022787,20211209,5873954476,2899000000000,,0,92,178,normal,646,4334
1639025209,20211209,5873954476,2899000000000,,0,92,178,normal,646,4335
1639026351,20211209,5873954476,2899000000000,,0,92,178,normal,646,4335
1639028002,20211209,5873954476,2899000000000,,0,92,178,normal,646,4335
1639029977,20211209,5873954476,2899000000000,,0,92,178,normal,647,4335
1639032180,20211209,5873954476,2899000000000,,0,92,178,normal,647,4335
1639033484,20211209,5873954476,2899000000000,,0,92,178,normal,647,4335
1639035212,20211209,5873954476,2899000000000,,0,92,178,normal,647,4335
1639037176,20211209,5873954476,2899000000000,,0,91,178,normal,647,4335
1639039228,20211209,5873954476,2899000000000,,0,91,178,normal,647,4336
1639040975,20211209,5873954476,2899000000000,,0,91,178,normal,648,4337
1639042659,20211209,5873954476,2899000000000,,0,91,178,normal,648,4337
1639044536,20211209,5873954476,2899000000000,,0,91,178,normal,648,4337
1639046609,20211209,5873954476,2899000000000,,0,91,178,normal,648,4337
1639047793,20211209,5873954476,2899000000000,,0,91,178,normal,648,4337
1639049503,20211209,5873954476,2899000000000,,0,91,178,normal,648,4337
1639051691,20211209,5873954476,2899000000000,,0,91,178,normal,648,4336
1639054454,20211209,5873954476,2899000000000,,0,91,178,normal,648,4336
1639055671,20211209,5873954476,2899000000000,,0,91,178,normal,648,4336
1639057408,20211209,5873954476,2899000000000,,0,91,178,normal,648,4336
1639058924,20211209,5873954476,2899000000000,,0,91,178,normal,648,4337
1639060663,20211209,5873954476,2899000000000,,0,91,178,normal,648,4336
1639062521,20211209,5873954476,2899000000000,,0,91,178,normal,648,4336
1639064602,20211209,5873954476,2899000000000,,0,91,178,normal,648,4336
1639066293,20211209,5873954476,2899000000000,,0,91,178,normal,648,4334
1639069200,20211209,5873954476,2899000000000,,0,91,178,normal,648,4334
1639070530,20211209,5873954476,2899000000000,,0,91,178,normal,648,4334
1639071839,20211209,5873954476,2899000000000,,0,91,178,normal,648,4334
1639073157,20211209,5873954476,2899000000000,,0,91,178,normal,648,4335
1639075306,20211209,5873954476,2899000000000,,0,91,178,normal,648,4335
1639076580,20211209,5873954476,2899000000000,,0,91,178,normal,648,4335
1639078286,20211209,5873954476,2899000000000,,0,91,178,normal,648,4335
1639080259,20211209,5873954476,2899000000000,,0,91,171,normal,648,4335
1639082173,20211209,5873954476,2899000000000,,0,91,171,normal,648,4336
1639083806,20211209,5873954476,2899000000000,,0,91,171,normal,648,4336
1639085645,20211209,5873954476,2899000000000,,0,91,171,normal,648,4336
1639087433,20211209,5873954476,2899000000000,,0,91,171,normal,648,4336
1639089325,20211209,5873954476,2899000000000,,0,91,171,normal,648,4336
1639091030,20211209,5873954476,2899000000000,,0,91,171,normal,648,4336
1639092922,20211209,5873954476,2899000000000,,0,91,171,normal,648,4336
1639095557,20211210,5873954476,2899000000000,,0,91,171,normal,648,4338
1639100154,20211210,5873954476,2899000000000,,0,91,171,normal,648,4340
1639102886,20211210,5873954476,2899000000000,,0,91,171,normal,648,4340
1639104487,20211210,5873954476,2899000000000,,0,91,171,normal,648,4340
1639105485,20211210,5873954476,2899000000000,,0,91,171,normal,648,4340
1639107387,20211210,5873954476,2899000000000,,0,91,171,normal,648,4340
1639109181,20211210,5873954476,2899000000000,,0,91,171,normal,648,4340
1639111589,20211210,5873954476,2899000000000,,0,91,171,normal,648,4340
1639112719,20211210,5873954476,2899000000000,,0,90,171,normal,648,4340
1639114375,20211210,5873954476,2899000000000,,0,90,171,normal,648,4341
1639116380,20211210,5873954476,2899000000000,,0,90,171,normal,648,4341
1639118739,20211210,5873954476,2899000000000,,0,10,171,normal,648,4341
1639118929,20211210,5873954476,2899000000000,,0,10,171,normal,648,4341
1639119878,20211210,5873954476,2899000000000,,0,10,171,normal,648,4341
1639120833,20211210,5873954476,2899000000000,,0,10,171,normal,648,4341
1639184981,20211211,5873954476,2899000000000,,0,19,168,normal,649,4351
1639271653,20211212,5873954476,2590000000000,11%,2899000000000,3,45,normal,650,4380
1639280004,20211212,5873954476,2590000000000,11%,2899000000000,6,45,normal,652,4383
1639287138,20211212,5873954476,2590000000000,11%,2899000000000,19,45,normal,653,4389
1639357858,20211213,5873954476,2590000000000,11%,2899000000000,16,40,normal,653,4411
1639444461,20211214,5873954476,2590000000000,11%,2899000000000,4,34,normal,653,4413
1639703607,20211217,5873954476,2590000000000,11%,2899000000000,3,33,normal,656,4427
1639790126,20211218,5873954476,2590000000000,11%,2899000000000,3,33,normal,658,4432
1639876637,20211219,5873954476,2590000000000,11%,2899000000000,2,33,normal,662,4447
1639962810,20211220,5873954476,2590000000000,11%,2899000000000,1,30,normal,663,4456
1640221959,20211223,5873954476,2590000000000,11%,2899000000000,5,163,normal,672,4469
1640308301,20211224,5873954476,2590000000000,11%,2899000000000,6,164,normal,677,4479
1640394674,20211225,5873954476,2590000000000,11%,2899000000000,5,164,normal,677,4483
1640481429,20211226,5873954476,2590000000000,11%,2899000000000,5,165,normal,679,4492
1640567589,20211227,5873954476,2590000000000,11%,2899000000000,5,128,normal,683,4494
1640653955,20211228,5873954476,2590000000000,11%,2899000000000,4,125,normal,684,4498
1640740330,20211229,5873954476,2590000000000,11%,2899000000000,5,126,normal,685,4503
1640826742,20211230,5873954476,2590000000000,11%,2899000000000,5,122,normal,687,4508
1640913289,20211231,5873954476,2590000000000,11%,2899000000000,70,123,normal,690,4513
1640965076,20211231,5873954476,2590000000000,11%,2899000000000,69,123,normal,692,4518
1640967398,20211231,5873954476,2590000000000,11%,2899000000000,69,123,normal,692,4521
1640969991,20211231,5873954476,2590000000000,11%,2899000000000,69,123,normal,692,4520
1640971707,20211231,5873954476,2590000000000,11%,2899000000000,68,123,normal,692,4519
1640972759,20211231,5873954476,2590000000000,11%,2899000000000,67,123,normal,692,4519
1640974373,20211231,5873954476,2590000000000,11%,2899000000000,49,123,normal,692,4519
1640976205,20211231,5873954476,2590000000000,11%,2899000000000,66,123,normal,692,4519
1640979246,20211231,5873954476,2590000000000,11%,2899000000000,66,124,normal,692,4519
1640992262,20211231,5873954476,2590000000000,11%,2899000000000,66,124,normal,692,4518
1640997639,20220101,5873954476,2590000000000,11%,2899000000000,65,124,normal,692,4518
1641002546,20220101,5873954476,2590000000000,11%,2899000000000,64,124,normal,692,4519
1641005704,20220101,5873954476,2590000000000,11%,2899000000000,65,124,normal,692,4519
1641008420,20220101,5873954476,2590000000000,11%,2899000000000,35,124,normal,692,4519
1641010462,20220101,5873954476,2590000000000,11%,2899000000000,35,124,normal,692,4518
1641012584,20220101,5873954476,2590000000000,11%,2899000000000,34,124,normal,692,4518
1641017596,20220101,5873954476,2560000000000,12%,2899000000000,30,124,normal,692,4519
1641019511,20220101,5873954476,2560000000000,12%,2899000000000,29,124,normal,692,4519
1641024811,20220101,5873954476,2590000000000,11%,2899000000000,66,124,normal,692,4519
1641028272,20220101,5873954476,2590000000000,11%,2899000000000,64,124,normal,692,4519
1641029912,20220101,5873954476,2590000000000,11%,2899000000000,47,124,normal,692,4519
1641033597,20220101,5873954476,2590000000000,11%,2899000000000,47,124,normal,692,4520
1641035349,20220101,5873954476,2560000000000,12%,2899000000000,16,124,normal,692,4520
1641036836,20220101,5873954476,2560000000000,12%,2899000000000,15,124,normal,692,4521
1641039439,20220101,5873954476,2560000000000,12%,2899000000000,15,124,normal,692,4522
1641043174,20220101,5873954476,2560000000000,12%,2899000000000,14,124,normal,692,4522
1641044329,20220101,5873954476,2560000000000,12%,2899000000000,14,124,normal,692,4521
1641046192,20220101,5873954476,2590000000000,11%,2899000000000,62,124,normal,692,4520
1641049857,20220101,5873954476,2590000000000,11%,2899000000000,62,124,normal,692,4519
