data/history/5873954476.csv
time,date,itemid,price,discount,price_before_discount,stock,sold,item_status,cmt_count,liked_count
1641051642,20220101,5873954476,2590000000000,11%,2899000000000,62,124,normal,692,4518
1641053784,20220101,5873954476,2590000000000,11%,2899000000000,62,124,normal,692,4519
1641056375,20220101,5873954476,2590000000000,11%,2899000000000,64,124,normal,692,4519
1641060769,20220101,5873954476,2590000000000,11%,2899000000000,64,124,normal,692,4520
1641062586,20220101,5873954476,2590000000000,11%,2899000000000,65,124,normal,692,4520
1641064182,20220101,5873954476,2590000000000,11%,2899000000000,65,124,normal,692,4521
1641065658,20220101,5873954476,2590000000000,11%,2899000000000,65,122,normal,692,4521
1641071395,20220101,5873954476,2590000000000,11%,2899000000000,65,122,normal,692,4522
1641084073,20220102,5873954476,2590000000000,11%,2899000000000,65,122,normal,692,4522
1641089030,20220102,5873954476,2590000000000,11%,2899000000000,65,122,normal,692,4521
1641094771,20220102,5873954476,2590000000000,11%,2899000000000,65,122,normal,692,4522
1641096868,20220102,5873954476,2590000000000,11%,2899000000000,66,122,normal,692,4522
1641098970,20220102,5873954476,2590000000000,11%,2899000000000,66,122,normal,692,4521
1641100277,20220102,5873954476,2590000000000,11%,2899000000000,66,122,normal,692,4520
1641103998,20220102,5873954476,2590000000000,11%,2899000000000,65,122,normal,692,4520
1641105893,20220102,5873954476,2590000000000,11%,2899000000000,66,122,normal,692,4520
1641107472,20220102,5873954476,2590000000000,11%,2899000000000,65,122,normal,692,4520
1641108927,20220102,5873954476,2590000000000,11%,2899000000000,65,122,normal,692,4521
1641114656,20220102,5873954476,2590000000000,11%,2899000000000,66,122,normal,692,4521
1641130721,20220102,5873954476,2590000000000,11%,2899000000000,66,122,normal,692,4522
1641144364,20220102,5873954476,2590000000000,11%,2899000000000,64,122,normal,692,4522
1641145416,20220102,5873954476,2590000000000,11%,2899000000000,65,122,normal,692,4523
1641154299,20220102,5873954476,2590000000000,11%,2899000000000,65,126,normal,692,4523
1641170359,20220103,5873954476,2590000000000,11%,2899000000000,65,126,normal,692,4523
1641175208,20220103,5873954476,2590000000000,11%,2899000000000,65,126,normal,692,4524
1641190449,20220103,5873954476,2590000000000,11%,2899000000000,64,126,normal,693,4524
1641193885,20220103,5873954476,2590000000000,11%,2899000000000,64,126,normal,693,4523
1641195377,20220103,5873954476,2590000000000,11%,2899000000000,64,126,normal,693,4524
1641197659,20220103,5873954476,2590000000000,11%,2899000000000,64,126,normal,693,4525
1641204821,20220103,5873954476,2590000000000,11%,2899000000000,66,126,normal,693,4524
1641229306,20220103,5873954476,2590000000000,11%,2899000000000,66,126,normal,693,4525
1641235449,20220103,5873954476,2590000000000,11%,2899000000000,66,126,normal,693,4526
1641256832,20220104,5873954476,2590000000000,11%,2899000000000,66,126,normal,693,4526
1641264783,20220104,5873954476,2590000000000,11%,2899000000000,66,126,normal,693,4527
1641267504,20220104,5873954476,2590000000000,11%,2899000000000,66,126,normal,693,4529
1641269680,20220104,5873954476,2590000000000,11%,2899000000000,66,126,normal,693,4530
1641280275,20220104,5873954476,2590000000000,11%,2899000000000,65,126,normal,693,4530
1641281764,20220104,5873954476,2590000000000,11%,2899000000000,65,126,normal,693,4531
1641284056,20220104,5873954476,2590000000000,11%,2899000000000,65,126,normal,693,4532
1641285812,20220104,5873954476,2590000000000,11%,2899000000000,65,126,normal,693,4533
1641287499,20220104,5873954476,2590000000000,11%,2899000000000,65,126,normal,693,4532
1641296091,20220104,5873954476,2590000000000,11%,2899000000000,65,126,normal,693,4533
1641302674,20220104,5873954476,2590000000000,11%,2899000000000,65,126,normal,693,4534
1641306983,20220104,5873954476,2590000000000,11%,2899000000000,65,126,normal,693,4533
1641309125,20220104,5873954476,2590000000000,11%,2899000000000,65,126,normal,693,4534
1641313036,20220104,5873954476,2590000000000,11%,2899000000000,63,126,normal,693,4535
1641315695,20220104,5873954476,2590000000000,11%,2899000000000,63,126,normal,693,4534
1641327143,20220104,5873954476,2590000000000,11%,2899000000000,63,127,normal,693,4535
1641332198,20220104,5873954476,2590000000000,11%,2899000000000,63,127,normal,693,4534
1641343327,20220105,5873954476,2590000000000,11%,2899000000000,63,127,normal,693,4534
1641351197,20220105,5873954476,2590000000000,11%,2899000000000,63,127,normal,693,4533
1641353992,20220105,5873954476,2590000000000,11%,2899000000000,63,127,normal,693,4534
1641358203,20220105,5873954476,2590000000000,11%,2899000000000,63,127,normal,694,4535
1641360993,20220105,5873954476,2590000000000,11%,2899000000000,63,127,normal,694,4536
1641363248,20220105,5873954476,2590000000000,11%,2899000000000,63,127,normal,694,4537
1641365174,20220105,5873954476,2590000000000,11%,2899000000000,63,127,normal,694,4538
1641370437,20220105,5873954476,2590000000000,11%,2899000000000,62,127,normal,694,4538
1641372198,20220105,5873954476,2590000000000,11%,2899000000000,62,127,normal,694,4539
1641375570,20220105,5873954476,2590000000000,11%,2899000000000,62,127,normal,694,4538
1641385124,20220105,5873954476,2590000000000,11%,2899000000000,62,127,normal,694,4539
1641397343,20220105,5873954476,2590000000000,11%,2899000000000,62,127,normal,695,4540
1641399427,20220105,5873954476,2590000000000,11%,2899000000000,61,127,normal,695,4540
1641402118,20220105,5873954476,2590000000000,11%,2899000000000,61,127,normal,696,4540
1641404774,20220105,5873954476,2590000000000,11%,2899000000000,62,127,normal,696,4541
1641406397,20220105,5873954476,2590000000000,11%,2899000000000,63,127,normal,696,4541
1641408276,20220105,5873954476,2590000000000,11%,2899000000000,63,127,normal,696,4540
1641418624,20220105,5873954476,2590000000000,11%,2899000000000,63,126,normal,696,4540
1641429779,20220106,5873954476,2590000000000,11%,2899000000000,63,126,normal,696,4540
1641434916,20220106,5873954476,2590000000000,11%,2899000000000,63,126,normal,696,4542
1641444643,20220106,5873954476,2590000000000,11%,2899000000000,63,126,normal,696,4541
1641447431,20220106,5873954476,2590000000000,11%,2899000000000,63,126,normal,696,4542
1641456849,20220106,5873954476,2590000000000,11%,2899000000000,63,126,normal,696,4543
1641467381,20220106,5873954476,2590000000000,11%,2899000000000,63,126,normal,696,4544
1641471541,20220106,5873954476,2590000000000,11%,2899000000000,63,126,normal,696,4545
1641478237,20220106,5873954476,2590000000000,11%,2899000000000,63,126,normal,696,4546
1641479799,20220106,5873954476,2590000000000,11%,2899000000000,63,126,normal,696,4545
1641485836,20220106,5873954476,2590000000000,11%,2899000000000,63,126,normal,696,4546
1641488518,20220106,5873954476,2590000000000,11%,2899000000000,63,126,normal,696,4547
1641491178,20220106,5873954476,2590000000000,11%,2899000000000,64,126,normal,696,4547
1641492813,20220106,5873954476,2590000000000,11%,2899000000000,64,126,normal,696,4546
1641496184,20220106,5873954476,2590000000000,11%,2899000000000,64,126,normal,696,4547
1641499894,20220106,5873954476,2590000000000,11%,2899000000000,64,127,normal,696,4547
1641516197,20220107,5873954476,2590000000000,11%,2899000000000,64,127,normal,696,4548
1641521261,20220107,5873954476,2590000000000,11%,2899000000000,64,127,normal,696,4552
1641525349,20220107,5873954476,2590000000000,11%,2899000000000,64,127,normal,696,4553
1641531004,20220107,5873954476,2590000000000,11%,2899000000000,64,127,normal,696,4554
1641532349,20220107,5873954476,2590000000000,11%,2899000000000,64,127,normal,696,4555
1641539450,20220107,5873954476,2590000000000,11%,2899000000000,64,127,normal,696,4554
1641543232,20220107,5873954476,2590000000000,11%,2899000000000,63,127,normal,696,4554
1641544977,20220107,5873954476,2590000000000,11%,2899000000000,64,127,normal,696,4556
1641555300,20220107,5873954476,2590000000000,11%,2899000000000,64,127,normal,696,4557
1641557907,20220107,5873954476,2590000000000,11%,2899000000000,64,127,normal,696,4558
1641560271,20220107,5873954476,2590000000000,11%,2899000000000,63,127,normal,696,4558
1641562917,20220107,5873954476,2590000000000,11%,2899000000000,63,127,normal,696,4559
1641566202,20220107,5873954476,2590000000000,11%,2899000000000,63,127,normal,696,4560
1641568315,20220107,5873954476,2590000000000,11%,2899000000000,63,127,normal,696,4559
1641570163,20220107,5873954476,2590000000000,11%,2899000000000,63,127,normal,697,4560
1641572234,20220107,5873954476,2590000000000,11%,2899000000000,63,127,normal,697,4559
1641574908,20220107,5873954476,2590000000000,11%,2899000000000,63,127,normal,697,4560
1641586351,20220107,5873954476,2590000000000,11%,2899000000000,63,126,normal,697,4561
1641587956,20220107,5873954476,2590000000000,11%,2899000000000,63,126,normal,697,4562
1641602414,20220108,5873954476,2590000000000,11%,2899000000000,63,126,normal,697,4562
1641607241,20220108,5873954476,2590000000000,11%,2899000000000,62,126,normal,697,4563
1641610512,20220108,5873954476,2590000000000,11%,2899000000000,62,126,normal,697,4565
1641613233,20220108,5873954476,2590000000000,11%,2899000000000,62,126,normal,697,4566
1641620179,20220108,5873954476,2590000000000,11%,2899000000000,62,126,normal,697,4567
1641638425,20220108,5873954476,2590000000000,11%,2899000000000,62,126,normal,698,4566
1641646615,20220108,5873954476,2590000000000,11%,2899000000000,63,126,normal,698,4566
1641650993,20220108,5873954476,2590000000000,11%,2899000000000,63,126,normal,698,4568
1641654677,20220108,5873954476,2590000000000,11%,2899000000000,63,126,normal,698,4570
1641656477,20220108,5873954476,2590000000000,11%,2899000000000,63,126,normal,698,4571
1641658578,20220108,5873954476,2590000000000,11%,2899000000000,62,126,normal,698,4573
1641661205,20220108,5873954476,2590000000000,11%,2899000000000,62,126,normal,698,4574
1641674303,20220108,5873954476,2590000000000,11%,2899000000000,62,128,normal,698,4574
1641681622,20220108,5873954476,2590000000000,11%,2899000000000,62,128,normal,698,4573
1641688923,20220109,5873954476,2590000000000,11%,2899000000000,62,128,normal,698,4573
1641696837,20220109,5873954476,2590000000000,11%,2899000000000,62,128,normal,698,4574
1641717779,20220109,5873954476,2590000000000,11%,2899000000000,62,128,normal,698,4575
1641719476,20220109,5873954476,2590000000000,11%,2899000000000,62,128,normal,698,4577
1641728053,20220109,5873954476,2590000000000,11%,2899000000000,62,128,normal,698,4578
1641733023,20220109,5873954476,2590000000000,11%,2899000000000,62,128,normal,699,4578
1641741056,20220109,5873954476,2590000000000,11%,2899000000000,62,128,normal,699,4580
1641744988,20220109,5873954476,2590000000000,11%,2899000000000,63,128,normal,699,4579
1641749363,20220109,5873954476,2590000000000,11%,2899000000000,63,128,normal,699,4580
1641755349,20220109,5873954476,2590000000000,11%,2899000000000,63,128,normal,699,4579
1641756857,20220109,5873954476,2590000000000,11%,2899000000000,63,129,normal,699,4579
1641759106,20220109,5873954476,2590000000000,11%,2899000000000,63,129,normal,699,4580
1641775191,20220110,5873954476,2590000000000,11%,2899000000000,63,129,normal,699,4580
1641786059,20220110,5873954476,2590000000000,11%,2899000000000,63,129,normal,699,4581
1641790253,20220110,5873954476,2590000000000,11%,2899000000000,63,129,normal,699,4580
1641798681,20220110,5873954476,2590000000000,11%,2899000000000,63,129,normal,699,4581
1641817110,20220110,5873954476,2590000000000,11%,2899000000000,63,129,normal,699,4582
1641822271,20220110,5873954476,2590000000000,11%,2899000000000,63,129,normal,699,4581
1641823853,20220110,5873954476,2590000000000,11%,2899000000000,63,129,normal,699,4582
1641829652,20220110,5873954476,2590000000000,11%,2899000000000,63,129,normal,699,4581
1641831523,20220110,5873954476,2590000000000,11%,2899000000000,63,129,normal,699,4582
1641861718,20220111,5873954476,2590000000000,11%,2899000000000,63,129,normal,699,4582
1641869672,20220111,5873954476,2590000000000,11%,2899000000000,63,129,normal,699,4583
1641879398,20220111,5873954476,2590000000000,11%,2899000000000,63,129,normal,699,4584
1641897993,20220111,5873954476,2590000000000,11%,2899000000000,63,129,normal,699,4585
1641899521,20220111,5873954476,2590000000000,11%,2899000000000,63,129,normal,699,4586
1641903484,20220111,5873954476,2590000000000,11%,2899000000000,63,129,normal,699,4587
1641931883,20220111,5873954476,2590000000000,11%,2899000000000,63,47,normal,699,4587
1641948089,20220112,5873954476,2590000000000,11%,2899000000000,63,47,normal,699,4587
1641957230,20220112,5873954476,2590000000000,11%,2899000000000,65,47,normal,699,4587
1641960885,20220112,5873954476,2590000000000,11%,2899000000000,65,47,normal,699,4588
1641963016,20220112,5873954476,2590000000000,11%,2899000000000,65,47,normal,699,4587
1641982436,20220112,5873954476,2590000000000,11%,2899000000000,65,47,normal,699,4588
1642008435,20220112,5873954476,2590000000000,11%,2899000000000,65,47,normal,699,4589
1642016076,20220112,5873954476,2590000000000,11%,2899000000000,65,28,normal,699,4589
1642027167,20220112,5873954476,2590000000000,11%,2899000000000,65,28,normal,699,4588
1642034575,20220113,5873954476,2590000000000,11%,2899000000000,65,28,normal,699,4589
1642039501,20220113,5873954476,2590000000000,11%,2899000000000,65,28,normal,699,4591
1642042479,20220113,5873954476,2590000000000,11%,2899000000000,66,28,normal,699,4592
1642045252,20220113,5873954476,2590000000000,11%,2899000000000,68,28,normal,699,4593
1642049435,20220113,5873954476,2590000000000,11%,2899000000000,115,28,normal,699,4592
1642050766,20220113,5873954476,2590000000000,11%,2899000000000,123,28,normal,699,4592
1642052221,20220113,5873954476,2590000000000,11%,2899000000000,123,28,normal,699,4594
1642059388,20220113,5873954476,2590000000000,11%,2899000000000,123,28,normal,699,4595
1642061925,20220113,5873954476,2590000000000,11%,2899000000000,123,28,normal,699,4594
1642065110,20220113,5873954476,2590000000000,11%,2899000000000,117,28,normal,699,4594
1642066770,20220113,5873954476,2590000000000,11%,2899000000000,118,28,normal,699,4594
1642068742,20220113,5873954476,2590000000000,11%,2899000000000,62,28,normal,699,4594
1642073713,20220113,5873954476,2590000000000,11%,2899000000000,77,28,normal,699,4594
1642076330,20220113,5873954476,2590000000000,11%,2899000000000,83,28,normal,699,4595
1642078758,20220113,5873954476,2590000000000,11%,2899000000000,82,28,normal,699,4595
1642084894,20220113,5873954476,2590000000000,11%,2899000000000,82,28,normal,699,4596
1642104744,20220113,5873954476,2590000000000,11%,2899000000000,82,24,normal,699,4596
1642120923,20220114,5873954476,2590000000000,11%,2899000000000,82,24,normal,699,4596
1642125824,20220114,5873954476,2590000000000,11%,2899000000000,82,24,normal,699,4598
1642128851,20220114,5873954476,2590000000000,11%,2899000000000,82,24,normal,699,4597
1642140849,20220114,5873954476,2590000000000,11%,2899000000000,82,24,normal,699,4598
1642144261,20220114,5873954476,2590000000000,11%,2899000000000,82,24,normal,699,4599
1642148063,20220114,5873954476,2590000000000,11%,2899000000000,82,24,normal,699,4601
1642153193,20220114,5873954476,2590000000000,11%,2899000000000,81,24,normal,699,4601
1642160111,20220114,5873954476,2590000000000,11%,2899000000000,81,24,normal,699,4604
1642162700,20220114,5873954476,2590000000000,11%,2899000000000,81,24,normal,699,4606
1642166824,20220114,5873954476,2590000000000,11%,2899000000000,81,24,normal,699,4607
1642167753,20220114,5873954476,2590000000000,11%,2899000000000,81,24,normal,699,4608
1642169438,20220114,5873954476,2590000000000,11%,2899000000000,81,24,normal,699,4609
1642174944,20220114,5873954476,2590000000000,11%,2899000000000,81,24,normal,699,4613
1642176934,20220114,5873954476,2590000000000,11%,2899000000000,79,24,normal,699,4613
1642179567,20220114,5873954476,2590000000000,11%,2899000000000,78,24,normal,699,4621
1642181284,20220114,5873954476,2538200000000,12%,2899000000000,13,24,normal,699,4622
1642182404,20220114,5873954476,2590000000000,11%,2899000000000,91,24,normal,699,4622
1642184010,20220114,5873954476,2538200000000,12%,2899000000000,38,24,normal,699,4624
1642185902,20220114,5873954476,2590000000000,11%,2899000000000,102,24,normal,699,4624
1642191152,20220114,5873954476,2590000000000,11%,2899000000000,102,21,normal,699,4625
1642196228,20220114,5873954476,2590000000000,11%,2899000000000,102,21,normal,699,4626
1642203517,20220114,5873954476,2590000000000,11%,2899000000000,102,21,normal,699,4627
1642207198,20220115,5873954476,2590000000000,11%,2899000000000,102,21,normal,699,4627
1642212096,20220115,5873954476,2538200000000,12%,2899000000000,41,21,normal,699,4628
1642215342,20220115,5873954476,2590000000000,11%,2899000000000,114,21,normal,699,4627
1642216490,20220115,5873954476,2590000000000,11%,2899000000000,34,21,normal,699,4627
1642220085,20220115,5873954476,2590000000000,11%,2899000000000,36,21,normal,699,4627
1642222222,20220115,5873954476,2590000000000,11%,2899000000000,35,21,normal,699,4627
1642223529,20220115,5873954476,2538200000000,12%,2899000000000,18,21,normal,699,4628
1642224992,20220115,5873954476,2590000000000,11%,2899000000000,46,21,normal,699,4626
1642227226,20220115,5873954476,2590000000000,11%,2899000000000,47,21,normal,699,4626
1642230665,20220115,5873954476,2538200000000,12%,2899000000000,39,21,normal,699,4626
1642232150,20220115,5873954476,2538200000000,12%,2899000000000,38,21,normal,699,4626
1642234432,20220115,5873954476,2538200000000,12%,2899000000000,39,21,normal,699,4626
1642236199,20220115,5873954476,2538200000000,12%,2899000000000,39,21,normal,699,4625
1642237888,20220115,5873954476,2538200000000,12%,2899000000000,37,21,normal,699,4625
1642241509,20220115,5873954476,2538200000000,12%,2899000000000,38,21,normal,699,4625
1642244945,20220115,5873954476,2530000000000,13%,2899000000000,30,21,normal,699,4625
1642249078,20220115,5873954476,2530000000000,13%,2899000000000,30,21,normal,699,4626
1642251434,20220115,5873954476,2530000000000,13%,2899000000000,30,21,normal,699,4627
