data/history/5873954476.csv
time,date,itemid,price,discount,price_before_discount,stock,sold,item_status,cmt_count,liked_count
1642254007,20220115,5873954476,2530000000000,13%,2899000000000,29,21,normal,699,4627
1642255801,20220115,5873954476,2590000000000,11%,2899000000000,124,21,normal,699,4626
1642257355,20220115,5873954476,2590000000000,11%,2899000000000,123,21,normal,699,4627
1642261280,20220115,5873954476,2590000000000,11%,2899000000000,122,21,normal,699,4627
1642263388,20220115,5873954476,2590000000000,11%,2899000000000,121,21,normal,699,4626
1642266005,20220115,5873954476,2590000000000,11%,2899000000000,122,21,normal,699,4625
1642267748,20220115,5873954476,2590000000000,11%,2899000000000,123,21,normal,699,4626
1642268808,20220115,5873954476,2590000000000,11%,2899000000000,122,21,normal,699,4627
1642270382,20220115,5873954476,2590000000000,11%,2899000000000,123,21,normal,699,4627
1642275258,20220115,5873954476,2590000000000,11%,2899000000000,123,21,normal,699,4628
1642293767,20220116,5873954476,2590000000000,11%,2899000000000,123,21,normal,699,4628
1642309926,20220116,5873954476,2590000000000,11%,2899000000000,123,21,normal,699,4629
1642313608,20220116,5873954476,2590000000000,11%,2899000000000,123,21,normal,700,4629
1642322571,20220116,5873954476,2590000000000,11%,2899000000000,123,21,normal,700,4630
1642329611,20220116,5873954476,2590000000000,11%,2899000000000,123,21,normal,700,4631
1642331387,20220116,5873954476,2590000000000,11%,2899000000000,123,21,normal,700,4630
1642339365,20220116,5873954476,2590000000000,11%,2899000000000,123,21,normal,700,4629
1642343747,20220116,5873954476,2590000000000,11%,2899000000000,121,21,normal,700,4629
1642352406,20220116,5873954476,2590000000000,11%,2899000000000,6,21,normal,700,4629
1642354148,20220116,5873954476,2590000000000,11%,2899000000000,6,21,normal,700,4628
1642363918,20220116,5873954476,2590000000000,11%,2899000000000,6,24,normal,700,4629
1642380065,20220117,5873954476,2590000000000,11%,2899000000000,6,24,normal,700,4629
1642395059,20220117,5873954476,2590000000000,11%,2899000000000,6,24,normal,700,4630
1642407290,20220117,5873954476,2590000000000,11%,2899000000000,6,24,normal,700,4631
1642411064,20220117,5873954476,2590000000000,11%,2899000000000,6,24,normal,701,4634
1642414655,20220117,5873954476,2590000000000,11%,2899000000000,6,24,normal,701,4635
1642418001,20220117,5873954476,2590000000000,11%,2899000000000,6,24,normal,701,4636
1642422009,20220117,5873954476,2590000000000,11%,2899000000000,6,24,normal,701,4637
1642424397,20220117,5873954476,2590000000000,11%,2899000000000,6,24,normal,701,4638
1642434152,20220117,5873954476,2590000000000,11%,2899000000000,6,24,normal,701,4637
1642436259,20220117,5873954476,2590000000000,11%,2899000000000,6,24,normal,701,4638
1642438926,20220117,5873954476,2590000000000,11%,2899000000000,139,24,normal,701,4638
1642453816,20220117,5873954476,2590000000000,11%,2899000000000,139,21,normal,701,4638
1642466571,20220118,5873954476,2590000000000,11%,2899000000000,139,21,normal,701,4638
1642474411,20220118,5873954476,2590000000000,11%,2899000000000,137,21,normal,701,4638
1642477253,20220118,5873954476,2590000000000,11%,2899000000000,138,21,normal,701,4638
1642479306,20220118,5873954476,2590000000000,11%,2899000000000,138,21,normal,701,4639
1642481461,20220118,5873954476,2590000000000,11%,2899000000000,138,21,normal,701,4640
1642482797,20220118,5873954476,2590000000000,11%,2899000000000,138,21,normal,702,4640
1642486349,20220118,5873954476,2590000000000,11%,2899000000000,137,21,normal,702,4640
1642493686,20220118,5873954476,2590000000000,11%,2899000000000,137,21,normal,702,4641
1642502521,20220118,5873954476,2590000000000,11%,2899000000000,137,21,normal,702,4642
1642504476,20220118,5873954476,2590000000000,11%,2899000000000,137,21,normal,702,4643
1642508382,20220118,5873954476,2590000000000,11%,2899000000000,137,21,normal,702,4644
1642515337,20220118,5873954476,2590000000000,11%,2899000000000,137,21,normal,702,4645
1642518998,20220118,5873954476,2590000000000,11%,2899000000000,137,21,normal,702,4647
1642525415,20220118,5873954476,2590000000000,11%,2899000000000,137,21,normal,702,4646
1642536745,20220118,5873954476,2590000000000,11%,2899000000000,136,23,normal,702,4646
1642547387,20220118,5873954476,2590000000000,11%,2899000000000,136,23,normal,702,4647
1642552618,20220119,5873954476,2590000000000,11%,2899000000000,136,23,normal,702,4648
1642558993,20220119,5873954476,2590000000000,11%,2899000000000,136,23,normal,702,4649
1642561838,20220119,5873954476,2590000000000,11%,2899000000000,142,23,normal,702,4648
1642563367,20220119,5873954476,2590000000000,11%,2899000000000,165,23,normal,702,4651
1642567515,20220119,5873954476,2590000000000,11%,2899000000000,165,23,normal,702,4652
1642570426,20220119,5873954476,2590000000000,11%,2899000000000,165,23,normal,702,4653
1642572771,20220119,5873954476,2590000000000,11%,2899000000000,170,23,normal,702,4653
1642574531,20220119,5873954476,2590000000000,11%,2899000000000,179,23,normal,702,4653
1642576112,20220119,5873954476,2590000000000,11%,2899000000000,180,23,normal,702,4654
1642585017,20220119,5873954476,2590000000000,11%,2899000000000,180,23,normal,702,4655
1642587166,20220119,5873954476,2590000000000,11%,2899000000000,201,23,normal,702,4656
1642588745,20220119,5873954476,2590000000000,11%,2899000000000,215,23,normal,702,4655
1642596768,20220119,5873954476,2590000000000,11%,2899000000000,215,23,normal,702,4656
1642623073,20220119,5873954476,2590000000000,11%,2899000000000,215,24,normal,702,4656
1642639496,20220120,5873954476,2590000000000,11%,2899000000000,215,24,normal,702,4658
1642644477,20220120,5873954476,2590000000000,11%,2899000000000,215,24,normal,702,4659
1642647080,20220120,5873954476,2590000000000,11%,2899000000000,215,24,normal,702,4658
1642651993,20220120,5873954476,2590000000000,11%,2899000000000,215,24,normal,703,4658
1642655425,20220120,5873954476,2590000000000,11%,2899000000000,215,24,normal,703,4657
1642660933,20220120,5873954476,2590000000000,11%,2899000000000,215,24,normal,703,4658
1642671393,20220120,5873954476,2590000000000,11%,2899000000000,215,24,normal,703,4659
1642678435,20220120,5873954476,2590000000000,11%,2899000000000,215,24,normal,703,4661
1642681037,20220120,5873954476,2590000000000,11%,2899000000000,215,24,normal,703,4660
1642688079,20220120,5873954476,2590000000000,11%,2899000000000,214,24,normal,703,4660
1642691737,20220120,5873954476,2590000000000,11%,2899000000000,214,24,normal,703,4659
1642693408,20220120,5873954476,2590000000000,11%,2899000000000,214,24,normal,703,4660
1642695632,20220120,5873954476,2590000000000,11%,2899000000000,214,24,normal,703,4661
1642697977,20220120,5873954476,2590000000000,11%,2899000000000,213,24,normal,703,4661
1642705712,20220120,5873954476,2590000000000,11%,2899000000000,213,24,normal,703,4662
1642725433,20220121,5873954476,2590000000000,11%,2899000000000,213,24,normal,703,4662
1642730060,20220121,5873954476,2590000000000,11%,2899000000000,213,24,normal,703,4663
1642734643,20220121,5873954476,2590000000000,11%,2899000000000,213,24,normal,703,4665
1642750424,20220121,5873954476,2590000000000,11%,2899000000000,213,24,normal,703,4666
1642752770,20220121,5873954476,2590000000000,11%,2899000000000,215,24,normal,703,4667
1642761446,20220121,5873954476,2590000000000,11%,2899000000000,214,24,normal,703,4667
1642769571,20220121,5873954476,2590000000000,11%,2899000000000,214,24,normal,703,4666
1642774189,20220121,5873954476,2590000000000,11%,2899000000000,214,24,normal,703,4667
1642781704,20220121,5873954476,2590000000000,11%,2899000000000,214,24,normal,703,4668
1642788742,20220121,5873954476,2590000000000,11%,2899000000000,214,24,normal,703,4667
1642795855,20220121,5873954476,2590000000000,11%,2899000000000,214,26,normal,703,4667
1642797275,20220121,5873954476,2590000000000,11%,2899000000000,214,26,normal,703,4669
1642811829,20220122,5873954476,2590000000000,11%,2899000000000,214,26,normal,703,4669
1642816192,20220122,5873954476,2590000000000,11%,2899000000000,214,26,normal,703,4671
1642818272,20220122,5873954476,2590000000000,11%,2899000000000,214,26,normal,703,4672
1642821027,20220122,5873954476,2590000000000,11%,2899000000000,214,26,normal,703,4673
1642831933,20220122,5873954476,2590000000000,11%,2899000000000,214,26,normal,703,4675
1642839125,20220122,5873954476,2590000000000,11%,2899000000000,214,26,normal,703,4676
1642846261,20220122,5873954476,2590000000000,11%,2899000000000,214,26,normal,703,4677
1642849731,20220122,5873954476,2590000000000,11%,2899000000000,214,26,normal,703,4679
1642860532,20220122,5873954476,2590000000000,11%,2899000000000,214,26,normal,703,4678
1642864225,20220122,5873954476,2590000000000,11%,2899000000000,214,26,normal,703,4679
1642878504,20220122,5873954476,2590000000000,11%,2899000000000,214,26,normal,704,4679
1642880046,20220122,5873954476,2590000000000,11%,2899000000000,214,28,normal,704,4680
1642887240,20220122,5873954476,2590000000000,11%,2899000000000,214,28,normal,704,4681
1642894534,20220122,5873954476,2590000000000,11%,2899000000000,214,28,normal,704,4682
1642898279,20220123,5873954476,2590000000000,11%,2899000000000,214,28,normal,704,4682
1642902761,20220123,5873954476,2590000000000,11%,2899000000000,214,28,normal,704,4681
1642904628,20220123,5873954476,2590000000000,11%,2899000000000,214,28,normal,704,4682
1642907454,20220123,5873954476,2590000000000,11%,2899000000000,214,28,normal,704,4683
1642908987,20220123,5873954476,2590000000000,11%,2899000000000,214,28,normal,704,4684
1642911176,20220123,5873954476,2590000000000,11%,2899000000000,214,28,normal,704,4686
1642913074,20220123,5873954476,2590000000000,11%,2899000000000,214,28,normal,704,4689
1642916027,20220123,5873954476,2590000000000,11%,2899000000000,214,28,normal,704,4690
1642921845,20220123,5873954476,2590000000000,11%,2899000000000,214,28,normal,704,4689
1642925521,20220123,5873954476,2590000000000,11%,2899000000000,214,28,normal,704,4690
1642930507,20220123,5873954476,2590000000000,11%,2899000000000,214,28,normal,704,4689
1642932667,20220123,5873954476,2590000000000,11%,2899000000000,214,28,normal,704,4690
1642948441,20220123,5873954476,2590000000000,11%,2899000000000,214,28,normal,704,4689
1642950711,20220123,5873954476,2590000000000,11%,2899000000000,215,28,normal,704,4689
1642952320,20220123,5873954476,2590000000000,11%,2899000000000,215,28,normal,704,4690
1642961486,20220123,5873954476,2590000000000,11%,2899000000000,215,28,normal,704,4691
1642964885,20220123,5873954476,2590000000000,11%,2899000000000,214,28,normal,704,4691
1642984675,20220124,5873954476,2590000000000,11%,2899000000000,214,28,normal,704,4691
1642995488,20220124,5873954476,2590000000000,11%,2899000000000,214,28,normal,704,4692
1642997616,20220124,5873954476,2545000000000,12%,2899000000000,214,28,normal,704,4691
1642999525,20220124,5873954476,2545000000000,12%,2899000000000,215,28,normal,704,4691
1643001061,20220124,5873954476,2545000000000,12%,2899000000000,214,28,normal,704,4691
1643004948,20220124,5873954476,2545000000000,12%,2899000000000,214,28,normal,704,4692
1643006788,20220124,5873954476,2545000000000,12%,2899000000000,214,28,normal,704,4693
1643011980,20220124,5873954476,2545000000000,12%,2899000000000,213,28,normal,704,4693
1643013606,20220124,5873954476,2545000000000,12%,2899000000000,213,28,normal,704,4694
1643017049,20220124,5873954476,2545000000000,12%,2899000000000,214,28,normal,705,4695
1643037333,20220124,5873954476,2545000000000,12%,2899000000000,214,28,normal,705,4696
1643044770,20220124,5873954476,2545000000000,12%,2899000000000,214,28,normal,705,4695
1643047852,20220124,5873954476,2545000000000,12%,2899000000000,214,28,normal,705,4696
1643071337,20220125,5873954476,2545000000000,12%,2899000000000,214,28,normal,705,4696
1643076002,20220125,5873954476,2545000000000,12%,2899000000000,214,28,normal,705,4697
1643080282,20220125,5873954476,2545000000000,12%,2899000000000,214,28,normal,705,4698
1643081793,20220125,5873954476,2545000000000,12%,2899000000000,214,28,normal,705,4699
1643084010,20220125,5873954476,2545000000000,12%,2899000000000,214,28,normal,705,4700
1643096027,20220125,5873954476,2545000000000,12%,2899000000000,214,28,normal,705,4701
1643098386,20220125,5873954476,2545000000000,12%,2899000000000,212,28,normal,705,4700
1643102133,20220125,5873954476,2545000000000,12%,2899000000000,212,28,normal,705,4699
1643108971,20220125,5873954476,2545000000000,12%,2899000000000,212,28,normal,705,4700
1643113043,20220125,5873954476,2545000000000,12%,2899000000000,212,28,normal,705,4702
1643125412,20220125,5873954476,2545000000000,12%,2899000000000,212,28,normal,705,4703
1643134646,20220125,5873954476,2545000000000,12%,2899000000000,212,28,normal,705,4704
1643141459,20220125,5873954476,2545000000000,12%,2899000000000,212,27,normal,705,4704
1643145074,20220125,5873954476,2545000000000,12%,2899000000000,212,27,normal,705,4706
1643157801,20220126,5873954476,2545000000000,12%,2899000000000,212,27,normal,705,4707
1643166635,20220126,5873954476,2545000000000,12%,2899000000000,212,27,normal,705,4708
1643175235,20220126,5873954476,2545000000000,12%,2899000000000,212,27,normal,705,4709
1643177589,20220126,5873954476,2545000000000,12%,2899000000000,212,27,normal,705,4710
1643182436,20220126,5873954476,2545000000000,12%,2899000000000,197,27,normal,705,4710
1643184746,20220126,5873954476,2545000000000,12%,2899000000000,182,27,normal,705,4710
1643190096,20220126,5873954476,2545000000000,12%,2899000000000,181,27,normal,705,4710
1643193751,20220126,5873954476,2545000000000,12%,2899000000000,192,27,normal,705,4711
1643195671,20220126,5873954476,2545000000000,12%,2899000000000,211,27,normal,705,4712
1643196882,20220126,5873954476,2545000000000,12%,2899000000000,211,27,normal,705,4713
1643203030,20220126,5873954476,2545000000000,12%,2899000000000,211,27,normal,705,4715
1643213975,20220126,5873954476,2545000000000,12%,2899000000000,211,27,normal,705,4716
1643216233,20220126,5873954476,2545000000000,12%,2899000000000,211,27,normal,705,4717
1643218704,20220126,5873954476,2545000000000,12%,2899000000000,211,27,normal,705,4718
1643227857,20220126,5873954476,2545000000000,12%,2899000000000,211,26,normal,705,4718
1643229314,20220126,5873954476,2545000000000,12%,2899000000000,211,26,normal,705,4719
1643243895,20220127,5873954476,2545000000000,12%,2899000000000,211,26,normal,705,4719
1643250297,20220127,5873954476,2545000000000,12%,2899000000000,210,26,normal,705,4720
1643251587,20220127,5873954476,2545000000000,12%,2899000000000,210,26,normal,706,4720
1643253080,20220127,5873954476,2545000000000,12%,2899000000000,210,26,normal,706,4721
1643254574,20220127,5873954476,2545000000000,12%,2899000000000,227,26,normal,706,4722
1643256795,20220127,5873954476,2545000000000,12%,2899000000000,238,26,normal,706,4722
1643258696,20220127,5873954476,2545000000000,12%,2899000000000,257,26,normal,706,4724
1643260233,20220127,5873954476,2545000000000,12%,2899000000000,257,26,normal,706,4725
1643261618,20220127,5873954476,2545000000000,12%,2899000000000,257,26,normal,706,4726
1643263979,20220127,5873954476,2545000000000,12%,2899000000000,282,26,normal,706,4726
1643265745,20220127,5873954476,2545000000000,12%,2899000000000,316,26,normal,706,4727
1643267455,20220127,5873954476,2545000000000,12%,2899000000000,324,26,normal,706,4727
1643271197,20220127,5873954476,2545000000000,12%,2899000000000,336,26,normal,706,4728
1643272802,20220127,5873954476,2545000000000,12%,2899000000000,358,26,normal,706,4729
1643274674,20220127,5873954476,2545000000000,12%,2899000000000,358,26,normal,706,4728
1643276250,20220127,5873954476,2545000000000,12%,2899000000000,358,26,normal,706,4729
1643278531,20220127,5873954476,2545000000000,12%,2899000000000,347,26,normal,706,4729
1643279841,20220127,5873954476,2545000000000,12%,2899000000000,336,26,normal,706,4729
1643285819,20220127,5873954476,2545000000000,12%,2899000000000,336,26,normal,706,4730
1643288074,20220127,5873954476,2545000000000,12%,2899000000000,336,26,normal,706,4732
1643290712,20220127,5873954476,2545000000000,12%,2899000000000,336,26,normal,706,4733
1643312083,20220127,5873954476,2545000000000,12%,2899000000000,336,27,normal,706,4733
1643325058,20220127,5873954476,2545000000000,12%,2899000000000,336,27,normal,706,4734
1643330302,20220128,5873954476,2545000000000,12%,2899000000000,336,27,normal,706,4734
1643336843,20220128,5873954476,2545000000000,12%,2899000000000,336,27,normal,706,4735
1643338181,20220128,5873954476,2545000000000,12%,2899000000000,332,27,normal,706,4736
1643339437,20220128,5873954476,2545000000000,12%,2899000000000,331,27,normal,706,4736
1643350382,20220128,5873954476,2545000000000,12%,2899000000000,331,27,normal,706,4735
1643352164,20220128,5873954476,2545000000000,12%,2899000000000,316,27,normal,706,4735
1643355231,20220128,5873954476,2545000000000,12%,2899000000000,312,27,normal,706,4735
1643357554,20220128,5873954476,2545000000000,12%,2899000000000,308,27,normal,706,4735
1643364715,20220128,5873954476,2545000000000,12%,2899000000000,308,27,normal,706,4734
1643374297,20220128,5873954476,2545000000000,12%,2899000000000,307,27,normal,706,4734
1643375615,20220128,5873954476,2545000000000,12%,2899000000000,307,27,normal,706,4735
1643380463,20220128,5873954476,2545000000000,12%,2899000000000,307,27,normal,706,4736
1643382745,20220128,5873954476,2545000000000,12%,2899000000000,307,27,normal,706,4738
1643384459,20220128,5873954476,2545000000000,12%,2899000000000,307,27,normal,706,4737
1643386654,20220128,5873954476,2545000000000,12%,2899000000000,307,27,normal,706,4739
1643388817,20220128,5873954476,2545000000000,12%,2899000000000,307,27,normal,706,4740
1643395226,20220128,5873954476,2545000000000,12%,2899000000000,307,27,normal,706,4741
1643416542,20220129,5873954476,2545000000000,12%,2899000000000,307,27,normal,706,4741
1643420840,20220129,5873954476,2545000000000,12%,2899000000000,307,27,normal,706,4742
1643429588,20220129,5873954476,2545000000000,12%,2899000000000,306,27,normal,706,4743
1643432953,20220129,5873954476,2545000000000,12%,2899000000000,306,27,normal,706,4744
