data/history/5873954476.csv
time,date,itemid,price,discount,price_before_discount,stock,sold,item_status,cmt_count,liked_count
1643448915,20220129,5873954476,2545000000000,12%,2899000000000,306,27,normal,706,4745
1643451040,20220129,5873954476,2545000000000,12%,2899000000000,306,27,normal,706,4746
1643469002,20220129,5873954476,2545000000000,12%,2899000000000,306,27,normal,706,4745
1643472860,20220129,5873954476,2545000000000,12%,2899000000000,306,27,normal,706,4746
1643476584,20220129,5873954476,2545000000000,12%,2899000000000,306,27,normal,706,4747
1643488766,20220129,5873954476,2545000000000,12%,2899000000000,306,26,normal,706,4747
1643492033,20220129,5873954476,2545000000000,12%,2899000000000,306,26,normal,706,4748
1643503124,20220130,5873954476,2545000000000,12%,2899000000000,306,26,normal,706,4748
1643507587,20220130,5873954476,2545000000000,12%,2899000000000,306,26,normal,706,4749
1643513726,20220130,5873954476,2545000000000,12%,2899000000000,306,26,normal,706,4750
1643515986,20220130,5873954476,2545000000000,12%,2899000000000,307,26,normal,706,4750
1643533792,20220130,5873954476,2545000000000,12%,2899000000000,307,26,normal,706,4749
1643537431,20220130,5873954476,2545000000000,12%,2899000000000,307,26,normal,706,4750
1643544922,20220130,5873954476,2545000000000,12%,2899000000000,307,26,normal,706,4749
1643557021,20220130,5873954476,2545000000000,12%,2899000000000,307,26,normal,706,4750
1643562673,20220130,5873954476,2590000000000,11%,2899000000000,15,26,normal,706,4750
1643564141,20220130,5873954476,2590000000000,11%,2899000000000,14,26,normal,706,4749
1643573448,20220130,5873954476,2590000000000,11%,2899000000000,14,25,normal,706,4750
1643589474,20220131,5873954476,2590000000000,11%,2899000000000,14,25,normal,706,4750
1643593877,20220131,5873954476,2590000000000,11%,2899000000000,14,25,normal,706,4751
1643595794,20220131,5873954476,2545000000000,12%,2899000000000,321,25,normal,706,4751
1643625540,20220131,5873954476,2545000000000,12%,2899000000000,321,25,normal,706,4752
1643638336,20220131,5873954476,2545000000000,12%,2899000000000,321,25,normal,706,4751
1643643811,20220131,5873954476,2545000000000,12%,2899000000000,321,25,normal,706,4752
1643660019,20220131,5873954476,2545000000000,12%,2899000000000,321,18,normal,706,4752
1643676016,20220201,5873954476,2545000000000,12%,2899000000000,321,18,normal,706,4752
1643693636,20220201,5873954476,2545000000000,12%,2899000000000,321,18,normal,706,4753
1643714006,20220201,5873954476,2545000000000,12%,2899000000000,321,18,normal,706,4754
1643717832,20220201,5873954476,2545000000000,12%,2899000000000,321,18,normal,706,4756
1643724741,20220201,5873954476,2590000000000,11%,2899000000000,15,18,normal,706,4756
1643728541,20220201,5873954476,2590000000000,11%,2899000000000,15,18,normal,706,4757
1643730184,20220201,5873954476,2590000000000,11%,2899000000000,15,18,normal,706,4758
1643732276,20220201,5873954476,2590000000000,11%,2899000000000,15,18,normal,706,4757
1643734771,20220201,5873954476,2590000000000,11%,2899000000000,15,18,normal,706,4758
1643739326,20220201,5873954476,2590000000000,11%,2899000000000,15,18,normal,706,4759
1643746293,20220201,5873954476,2590000000000,11%,2899000000000,15,18,normal,706,4760
1643757063,20220201,5873954476,2590000000000,11%,2899000000000,15,18,normal,706,4759
1643762433,20220202,5873954476,2590000000000,11%,2899000000000,15,18,normal,706,4759
1643768710,20220202,5873954476,2545000000000,12%,2899000000000,351,18,normal,706,4759
1643771439,20220202,5873954476,2545000000000,12%,2899000000000,350,18,normal,706,4759
1643775189,20220202,5873954476,2545000000000,12%,2899000000000,350,18,normal,706,4760
1643778611,20220202,5873954476,2545000000000,12%,2899000000000,350,18,normal,706,4762
1643789569,20220202,5873954476,2545000000000,12%,2899000000000,350,18,normal,706,4764
1643791140,20220202,5873954476,2545000000000,12%,2899000000000,350,18,normal,706,4763
1643804190,20220202,5873954476,2545000000000,12%,2899000000000,350,18,normal,706,4764
1643808874,20220202,5873954476,2545000000000,12%,2899000000000,350,18,normal,706,4765
1643811272,20220202,5873954476,2545000000000,12%,2899000000000,350,18,normal,706,4766
1643812717,20220202,5873954476,2545000000000,12%,2899000000000,350,18,normal,706,4767
1643818747,20220202,5873954476,2545000000000,12%,2899000000000,350,18,normal,706,4768
1643821115,20220202,5873954476,2545000000000,12%,2899000000000,350,18,normal,706,4770
1643823427,20220202,5873954476,2545000000000,12%,2899000000000,350,18,normal,706,4771
1643825585,20220202,5873954476,2545000000000,12%,2899000000000,350,18,normal,706,4770
1643828944,20220202,5873954476,2545000000000,12%,2899000000000,350,18,normal,706,4772
1643836210,20220202,5873954476,2545000000000,12%,2899000000000,350,16,normal,706,4772
1643839808,20220202,5873954476,2545000000000,12%,2899000000000,350,16,normal,706,4773
1643848683,20220203,5873954476,2545000000000,12%,2899000000000,349,16,normal,706,4773
1643854955,20220203,5873954476,2590000000000,11%,2899000000000,15,16,normal,706,4773
1643857892,20220203,5873954476,2590000000000,11%,2899000000000,14,16,normal,706,4774
1643859402,20220203,5873954476,2590000000000,11%,2899000000000,15,16,normal,706,4774
1643861591,20220203,5873954476,2590000000000,11%,2899000000000,15,16,normal,706,4775
1643863479,20220203,5873954476,2590000000000,11%,2899000000000,15,16,normal,706,4776
1643865018,20220203,5873954476,2545000000000,12%,2899000000000,364,16,normal,706,4776
1643872251,20220203,5873954476,2545000000000,12%,2899000000000,364,16,normal,706,4777
1643873620,20220203,5873954476,2545000000000,12%,2899000000000,364,16,normal,706,4778
1643876235,20220203,5873954476,2545000000000,12%,2899000000000,364,16,normal,706,4779
1643879508,20220203,5873954476,2545000000000,12%,2899000000000,364,16,normal,706,4780
1643883065,20220203,5873954476,2545000000000,12%,2899000000000,364,16,normal,706,4779
1643890594,20220203,5873954476,2545000000000,12%,2899000000000,364,16,normal,706,4778
1643908636,20220203,5873954476,2590000000000,11%,2899000000000,15,16,normal,706,4778
1643920530,20220203,5873954476,2590000000000,11%,2899000000000,15,18,normal,706,4778
1643922560,20220203,5873954476,2590000000000,11%,2899000000000,15,18,normal,706,4779
1643927622,20220203,5873954476,2590000000000,11%,2899000000000,15,18,normal,706,4780
1643935162,20220204,5873954476,2590000000000,11%,2899000000000,15,18,normal,706,4782
1643940740,20220204,5873954476,2545000000000,12%,2899000000000,379,18,normal,706,4782
1643945635,20220204,5873954476,2545000000000,12%,2899000000000,379,18,normal,706,4783
1643947866,20220204,5873954476,2545000000000,12%,2899000000000,379,18,normal,706,4784
1643951310,20220204,5873954476,2545000000000,12%,2899000000000,379,18,normal,706,4783
1643958541,20220204,5873954476,2545000000000,12%,2899000000000,379,18,normal,706,4784
1643960039,20220204,5873954476,2545000000000,12%,2899000000000,379,18,normal,706,4785
1643965782,20220204,5873954476,2545000000000,12%,2899000000000,379,18,normal,706,4786
1643967290,20220204,5873954476,2545000000000,12%,2899000000000,379,18,normal,706,4787
1643969463,20220204,5873954476,2545000000000,12%,2899000000000,379,18,normal,706,4786
1643983724,20220204,5873954476,2545000000000,12%,2899000000000,379,18,normal,706,4787
1643988959,20220204,5873954476,2545000000000,12%,2899000000000,379,18,normal,706,4788
1643994540,20220204,5873954476,2530000000000,13%,2899000000000,15,18,normal,706,4788
1643996024,20220204,5873954476,2530000000000,13%,2899000000000,14,18,normal,706,4788
1643998211,20220204,5873954476,2530000000000,13%,2899000000000,14,18,normal,706,4790
1644012526,20220204,5873954476,2530000000000,13%,2899000000000,13,18,normal,706,4790
1644016195,20220204,5873954476,2530000000000,13%,2899000000000,13,18,normal,706,4791
1644021212,20220205,5873954476,2530000000000,13%,2899000000000,13,18,normal,706,4791
1644024895,20220205,5873954476,2530000000000,13%,2899000000000,12,18,normal,706,4792
1644027083,20220205,5873954476,2545000000000,12%,2899000000000,392,18,normal,706,4793
1644028420,20220205,5873954476,2545000000000,12%,2899000000000,393,18,normal,706,4793
1644032090,20220205,5873954476,2545000000000,12%,2899000000000,392,18,normal,706,4793
1644034309,20220205,5873954476,2545000000000,12%,2899000000000,391,18,normal,706,4793
1644037721,20220205,5873954476,2545000000000,12%,2899000000000,391,18,normal,706,4794
1644041433,20220205,5873954476,2545000000000,12%,2899000000000,391,18,normal,706,4793
1644073714,20220205,5873954476,2545000000000,12%,2899000000000,391,18,normal,706,4794
1644079351,20220205,5873954476,2545000000000,12%,2899000000000,391,18,normal,706,4795
1644088089,20220205,5873954476,2545000000000,12%,2899000000000,391,18,normal,706,4796
1644091743,20220205,5873954476,2545000000000,12%,2899000000000,391,18,normal,706,4797
1644099211,20220205,5873954476,2545000000000,12%,2899000000000,392,18,normal,706,4797
1644104791,20220205,5873954476,2545000000000,12%,2899000000000,391,18,normal,706,4796
1644108385,20220206,5873954476,2545000000000,12%,2899000000000,391,18,normal,706,4796
1644115865,20220206,5873954476,2545000000000,12%,2899000000000,391,18,normal,706,4797
1644124160,20220206,5873954476,2545000000000,12%,2899000000000,391,18,normal,706,4798
1644131435,20220206,5873954476,2545000000000,12%,2899000000000,391,18,normal,706,4797
1644135095,20220206,5873954476,2545000000000,12%,2899000000000,391,18,normal,706,4799
1644138592,20220206,5873954476,2545000000000,12%,2899000000000,391,18,normal,706,4802
1644140131,20220206,5873954476,2545000000000,12%,2899000000000,391,18,normal,706,4803
1644142239,20220206,5873954476,2545000000000,12%,2899000000000,391,18,normal,706,4804
1644149731,20220206,5873954476,2545000000000,12%,2899000000000,391,18,normal,706,4805
1644151774,20220206,5873954476,2545000000000,12%,2899000000000,391,18,normal,706,4806
1644153097,20220206,5873954476,2545000000000,12%,2899000000000,391,18,normal,706,4808
1644156564,20220206,5873954476,2530000000000,13%,2899000000000,15,18,normal,706,4810
1644158052,20220206,5873954476,2530000000000,13%,2899000000000,15,18,normal,706,4811
1644160189,20220206,5873954476,2530000000000,13%,2899000000000,15,18,normal,706,4812
1644164047,20220206,5873954476,2530000000000,13%,2899000000000,15,18,normal,706,4811
1644167448,20220206,5873954476,2545000000000,12%,2899000000000,406,18,normal,706,4811
1644181785,20220206,5873954476,2545000000000,12%,2899000000000,406,19,normal,706,4811
1644194388,20220207,5873954476,2545000000000,12%,2899000000000,406,19,normal,706,4811
1644207205,20220207,5873954476,2545000000000,12%,2899000000000,406,19,normal,706,4812
1644210593,20220207,5873954476,2545000000000,12%,2899000000000,406,19,normal,706,4813
1644212038,20220207,5873954476,2545000000000,12%,2899000000000,406,19,normal,706,4814
1644217825,20220207,5873954476,2545000000000,12%,2899000000000,391,19,normal,706,4814
1644221587,20220207,5873954476,2545000000000,12%,2899000000000,391,19,normal,706,4816
1644229080,20220207,5873954476,2545000000000,12%,2899000000000,391,19,normal,706,4819
1644230548,20220207,5873954476,2545000000000,12%,2899000000000,390,19,normal,706,4818
1644236492,20220207,5873954476,2545000000000,12%,2899000000000,390,19,normal,706,4819
1644240076,20220207,5873954476,2545000000000,12%,2899000000000,390,19,normal,706,4821
1644241174,20220207,5873954476,2545000000000,12%,2899000000000,390,19,normal,706,4822
1644243139,20220207,5873954476,2530000000000,13%,2899000000000,15,19,normal,706,4824
1644244511,20220207,5873954476,2530000000000,13%,2899000000000,14,19,normal,706,4824
1644246936,20220207,5873954476,2530000000000,13%,2899000000000,14,19,normal,706,4825
1644248559,20220207,5873954476,2530000000000,13%,2899000000000,13,19,normal,706,4825
1644250685,20220207,5873954476,2530000000000,13%,2899000000000,13,19,normal,706,4827
1644252850,20220207,5873954476,2530000000000,13%,2899000000000,12,19,normal,706,4827
1644254202,20220207,5873954476,2530000000000,13%,2899000000000,15,19,normal,706,4828
1644255339,20220207,5873954476,2530000000000,13%,2899000000000,15,19,normal,706,4829
1644257806,20220207,5873954476,2530000000000,13%,2899000000000,15,19,normal,706,4830
1644280850,20220208,5873954476,2530000000000,13%,2899000000000,15,19,normal,706,4829
1644285353,20220208,5873954476,2530000000000,13%,2899000000000,14,19,normal,706,4829
1644287233,20220208,5873954476,2590000000000,11%,2899000000000,6,19,normal,706,4829
1644291367,20220208,5873954476,2590000000000,11%,2899000000000,5,19,normal,706,4829
1644293589,20220208,5873954476,2590000000000,11%,2899000000000,5,19,normal,706,4830
1644298436,20220208,5873954476,2590000000000,11%,2899000000000,5,19,normal,706,4832
1644300817,20220208,5873954476,2590000000000,11%,2899000000000,6,19,normal,706,4833
1644304232,20220208,5873954476,2590000000000,11%,2899000000000,6,19,normal,706,4834
1644305632,20220208,5873954476,2590000000000,11%,2899000000000,6,19,normal,706,4835
1644308009,20220208,5873954476,2590000000000,11%,2899000000000,6,19,normal,706,4836
1644320127,20220208,5873954476,2590000000000,11%,2899000000000,6,19,normal,706,4837
1644322663,20220208,5873954476,2590000000000,11%,2899000000000,6,19,normal,706,4839
1644324945,20220208,5873954476,2590000000000,11%,2899000000000,6,19,normal,706,4840
1644329735,20220208,5873954476,2590000000000,11%,2899000000000,5,19,normal,706,4840
1644333338,20220208,5873954476,2590000000000,11%,2899000000000,5,19,normal,706,4842
1644335020,20220208,5873954476,2590000000000,11%,2899000000000,5,19,normal,706,4841
1644349080,20220208,5873954476,2590000000000,11%,2899000000000,5,19,normal,706,4840
1644351564,20220208,5873954476,2590000000000,11%,2899000000000,5,22,normal,706,4840
1644367349,20220209,5873954476,2590000000000,11%,2899000000000,5,22,normal,706,4840
1644372048,20220209,5873954476,2530000000000,13%,2899000000000,15,22,normal,706,4842
1644374924,20220209,5873954476,2530000000000,13%,2899000000000,14,22,normal,706,4842
1644380006,20220209,5873954476,2530000000000,13%,2899000000000,14,22,normal,706,4843
1644381875,20220209,5873954476,2530000000000,13%,2899000000000,14,22,normal,706,4852
1644383383,20220209,5873954476,2590000000000,11%,2899000000000,5,22,normal,706,4852
1644387181,20220209,5873954476,2590000000000,11%,2899000000000,5,22,normal,706,4856
1644388950,20220209,5873954476,2590000000000,11%,2899000000000,5,22,normal,706,4857
1644392025,20220209,5873954476,2590000000000,11%,2899000000000,5,22,normal,706,4858
1644396287,20220209,5873954476,2590000000000,11%,2899000000000,5,22,normal,706,4879
1644398349,20220209,5873954476,2590000000000,11%,2899000000000,5,22,normal,706,4884
1644403357,20220209,5873954476,2590000000000,11%,2899000000000,5,22,normal,706,4885
1644414040,20220209,5873954476,2590000000000,11%,2899000000000,5,22,normal,706,4886
1644417591,20220209,5873954476,2590000000000,11%,2899000000000,5,22,normal,706,4898
1644423645,20220209,5873954476,2590000000000,11%,2899000000000,5,22,normal,706,4899
1644425665,20220209,5873954476,2590000000000,11%,2899000000000,5,22,normal,706,4901
1644428265,20220209,5873954476,2590000000000,11%,2899000000000,5,22,normal,706,4902
1644432302,20220209,5873954476,2590000000000,11%,2899000000000,5,22,normal,706,4903
1644438960,20220209,5873954476,2590000000000,11%,2899000000000,5,23,normal,706,4903
1644453702,20220210,5873954476,2590000000000,11%,2899000000000,5,23,normal,706,4903
1644462644,20220210,5873954476,2590000000000,11%,2899000000000,5,23,normal,706,4904
1644471223,20220210,5873954476,2590000000000,11%,2899000000000,5,23,normal,706,4903
1644473559,20220210,5873954476,2590000000000,11%,2899000000000,5,23,normal,706,4902
1644477011,20220210,5873954476,2590000000000,11%,2899000000000,5,23,normal,706,4912
1644478431,20220210,5873954476,2590000000000,11%,2899000000000,5,23,normal,706,4914
1644482298,20220210,5873954476,2590000000000,11%,2899000000000,5,23,normal,706,4916
1644486035,20220210,5873954476,2590000000000,11%,2899000000000,5,23,normal,706,4918
1644491422,20220210,5873954476,2590000000000,11%,2899000000000,5,23,normal,706,4919
1644492829,20220210,5873954476,2590000000000,11%,2899000000000,5,23,normal,706,4923
1644497472,20220210,5873954476,2590000000000,11%,2899000000000,5,23,normal,706,4924
1644500151,20220210,5873954476,2590000000000,11%,2899000000000,5,23,normal,706,4933
1644509980,20220210,5873954476,2590000000000,11%,2899000000000,5,23,normal,706,4932
1644513215,20220210,5873954476,2590000000000,11%,2899000000000,5,23,normal,706,4934
1644514659,20220210,5873954476,2590000000000,11%,2899000000000,5,23,normal,706,4935
1644520022,20220210,5873954476,2590000000000,11%,2899000000000,5,23,normal,706,4934
1644521676,20220210,5873954476,2590000000000,11%,2899000000000,5,24,normal,706,4934
1644527431,20220210,5873954476,2590000000000,11%,2899000000000,5,24,normal,706,4935
1644540281,20220211,5873954476,2590000000000,11%,2899000000000,5,24,normal,706,4935
1644546581,20220211,5873954476,2590000000000,11%,2899000000000,5,24,normal,706,4936
1644549045,20220211,5873954476,2590000000000,11%,2899000000000,5,24,normal,706,4937
1644556173,20220211,5873954476,2590000000000,11%,2899000000000,5,24,normal,706,4936
1644560020,20220211,5873954476,2590000000000,11%,2899000000000,5,24,normal,706,4935
1644563402,20220211,5873954476,2590000000000,11%,2899000000000,5,24,normal,706,4937
1644564825,20220211,5873954476,2590000000000,11%,2899000000000,5,24,normal,706,4938
1644567138,20220211,5873954476,2590000000000,11%,2899000000000,5,24,normal,706,4939
1644570666,20220211,5873954476,2590000000000,11%,2899000000000,5,24,normal,706,4940
1644577726,20220211,5873954476,2590000000000,11%,2899000000000,5,24,normal,706,4941
1644583835,20220211,5873954476,2590000000000,11%,2899000000000,5,24,normal,706,4953
1644585168,20220211,5873954476,2590000000000,11%,2899000000000,5,24,normal,707,4954
1644588804,20220211,5873954476,2590000000000,11%,2899000000000,5,24,normal,707,4955
1644626588,20220212,5873954476,2590000000000,11%,2899000000000,5,24,normal,707,4956
