data/history/5873954476.csv
time,date,itemid,price,discount,price_before_discount,stock,sold,item_status,cmt_count,liked_count
1648687933,20220331,5873954476,2390000000000,18%,2899000000000,250,454,normal,828,5749
1648693646,20220331,5873954476,2390000000000,18%,2899000000000,250,454,normal,828,5750
1648700098,20220331,5873954476,2390000000000,18%,2899000000000,249,454,normal,828,5751
1648703466,20220331,5873954476,2390000000000,18%,2899000000000,249,454,normal,828,5752
1648704904,20220331,5873954476,2390000000000,18%,2899000000000,249,454,normal,828,5753
1648707297,20220331,5873954476,2390000000000,18%,2899000000000,3,454,normal,828,5753
1648714778,20220331,5873954476,2390000000000,18%,2899000000000,247,454,normal,828,5754
1648716095,20220331,5873954476,2390000000000,18%,2899000000000,247,454,normal,828,5753
1648717988,20220331,5873954476,2390000000000,18%,2899000000000,244,454,normal,828,5753
1648719788,20220331,5873954476,2390000000000,18%,2899000000000,241,454,normal,828,5753
1648723404,20220331,5873954476,2390000000000,18%,2899000000000,241,454,normal,829,5753
1648726778,20220331,5873954476,2390000000000,18%,2899000000000,241,454,normal,830,5753
1648729599,20220331,5873954476,2390000000000,18%,2899000000000,241,454,normal,830,5754
1648734523,20220331,5873954476,2390000000000,18%,2899000000000,241,454,normal,831,5756
1648736190,20220331,5873954476,2390000000000,18%,2899000000000,3,454,normal,831,5757
1648739856,20220331,5873954476,2390000000000,18%,2899000000000,244,454,normal,831,5758
1648741371,20220331,5873954476,2390000000000,18%,2899000000000,244,454,normal,831,5757
1648743372,20220331,5873954476,2390000000000,18%,2899000000000,244,454,normal,832,5759
1648745676,20220331,5873954476,2390000000000,18%,2899000000000,244,430,normal,832,5759
1648748333,20220331,5873954476,2390000000000,18%,2899000000000,244,430,normal,832,5760
1648774785,20220401,5873954476,2390000000000,18%,2899000000000,244,430,normal,832,5760
1648781889,20220401,5873954476,2390000000000,18%,2899000000000,244,430,normal,832,5761
1648784618,20220401,5873954476,2390000000000,18%,2899000000000,244,430,normal,832,5762
1648793719,20220401,5873954476,2390000000000,18%,2899000000000,241,430,normal,832,5763
1648795513,20220401,5873954476,2390000000000,18%,2899000000000,241,430,normal,832,5764
1648797127,20220401,5873954476,2390000000000,18%,2899000000000,211,430,normal,832,5764
1648798562,20220401,5873954476,2390000000000,18%,2899000000000,151,430,normal,832,5765
1648801023,20220401,5873954476,2390000000000,18%,2899000000000,127,430,normal,832,5765
1648802795,20220401,5873954476,2390000000000,18%,2899000000000,128,430,normal,832,5765
1648804389,20220401,5873954476,2390000000000,18%,2899000000000,125,430,normal,832,5765
1648806090,20220401,5873954476,2390000000000,18%,2899000000000,65,430,normal,832,5765
1648808316,20220401,5873954476,2390000000000,18%,2899000000000,3,430,normal,832,5764
1648809620,20220401,5873954476,2390000000000,18%,2899000000000,3,430,normal,832,5765
1648811727,20220401,5873954476,2390000000000,18%,2899000000000,2,430,normal,832,5765
1648815918,20220401,5873954476,2390000000000,18%,2899000000000,3,430,normal,832,5765
1648820838,20220401,5873954476,2390000000000,18%,2899000000000,3,430,normal,832,5767
1648822601,20220401,5873954476,2390000000000,18%,2899000000000,71,430,normal,832,5767
1648826262,20220401,5873954476,2390000000000,18%,2899000000000,71,430,normal,832,5768
1648833489,20220401,5873954476,2390000000000,18%,2899000000000,71,404,normal,832,5768
1648854736,20220401,5873954476,2390000000000,18%,2899000000000,70,404,normal,832,5768
1648860649,20220402,5873954476,2390000000000,18%,2899000000000,70,404,normal,832,5768
1648866346,20220402,5873954476,2390000000000,18%,2899000000000,70,404,normal,832,5769
1648876245,20220402,5873954476,2390000000000,18%,2899000000000,70,404,normal,832,5770
1648877687,20220402,5873954476,2390000000000,18%,2899000000000,70,404,normal,832,5769
1648880063,20220402,5873954476,2390000000000,18%,2899000000000,70,404,normal,832,5770
1648884883,20220402,5873954476,2390000000000,18%,2899000000000,70,404,normal,832,5771
1648888817,20220402,5873954476,2390000000000,18%,2899000000000,70,404,normal,832,5773
1648892192,20220402,5873954476,2390000000000,18%,2899000000000,70,404,normal,832,5774
1648894337,20220402,5873954476,2390000000000,18%,2899000000000,3,404,normal,832,5775
1648897782,20220402,5873954476,2390000000000,18%,2899000000000,3,404,normal,833,5775
1648901890,20220402,5873954476,2390000000000,18%,2899000000000,3,404,normal,833,5776
1648904048,20220402,5873954476,2390000000000,18%,2899000000000,3,404,normal,833,5777
1648905434,20220402,5873954476,2390000000000,18%,2899000000000,3,404,normal,833,5778
1648908650,20220402,5873954476,2390000000000,18%,2899000000000,76,404,normal,833,5778
1648910114,20220402,5873954476,2390000000000,18%,2899000000000,61,404,normal,833,5778
1648916113,20220402,5873954476,2390000000000,18%,2899000000000,60,404,normal,833,5779
1648918272,20220402,5873954476,2390000000000,18%,2899000000000,60,385,normal,833,5780
1648924876,20220402,5873954476,2390000000000,18%,2899000000000,60,385,normal,833,5781
1648942577,20220402,5873954476,2390000000000,18%,2899000000000,60,385,normal,833,5782
1648947370,20220403,5873954476,2390000000000,18%,2899000000000,59,385,normal,833,5782
1648952842,20220403,5873954476,2390000000000,18%,2899000000000,59,385,normal,833,5783
1648955306,20220403,5873954476,2390000000000,18%,2899000000000,59,385,normal,834,5784
1648959285,20220403,5873954476,2390000000000,18%,2899000000000,59,385,normal,834,5783
1648962644,20220403,5873954476,2390000000000,18%,2899000000000,3,385,normal,834,5783
1648966450,20220403,5873954476,2390000000000,18%,2899000000000,61,385,normal,834,5784
1648968189,20220403,5873954476,2390000000000,18%,2899000000000,61,385,normal,835,5785
1648973626,20220403,5873954476,2390000000000,18%,2899000000000,61,385,normal,835,5786
1648977099,20220403,5873954476,2390000000000,18%,2899000000000,61,385,normal,836,5787
1648978607,20220403,5873954476,2390000000000,18%,2899000000000,61,385,normal,836,5790
1648982310,20220403,5873954476,2390000000000,18%,2899000000000,61,385,normal,836,5791
1648984206,20220403,5873954476,2390000000000,18%,2899000000000,60,385,normal,836,5792
1648988332,20220403,5873954476,2390000000000,18%,2899000000000,3,385,normal,836,5792
1648990482,20220403,5873954476,2390000000000,18%,2899000000000,3,385,normal,836,5793
1648993073,20220403,5873954476,2390000000000,18%,2899000000000,2,385,normal,836,5793
1648995013,20220403,5873954476,2390000000000,18%,2899000000000,62,385,normal,836,5793
1648996491,20220403,5873954476,2390000000000,18%,2899000000000,62,385,normal,836,5796
1648998715,20220403,5873954476,2390000000000,18%,2899000000000,62,385,normal,836,5798
1649000353,20220403,5873954476,2390000000000,18%,2899000000000,62,385,normal,836,5800
1649002515,20220403,5873954476,2390000000000,18%,2899000000000,62,385,normal,836,5803
1649004680,20220403,5873954476,2390000000000,18%,2899000000000,62,363,normal,836,5810
1649009601,20220403,5873954476,2390000000000,18%,2899000000000,61,363,normal,837,5833
1649011279,20220403,5873954476,2390000000000,18%,2899000000000,62,363,normal,837,5833
1649012983,20220403,5873954476,2390000000000,18%,2899000000000,62,363,normal,837,5834
1649014494,20220403,5873954476,2390000000000,18%,2899000000000,62,363,normal,837,5835
1649023894,20220403,5873954476,2390000000000,18%,2899000000000,62,363,normal,837,5836
1649025438,20220403,5873954476,2390000000000,18%,2899000000000,61,363,normal,837,5836
1649027486,20220403,5873954476,2390000000000,18%,2899000000000,59,363,normal,837,5836
1649033698,20220404,5873954476,2390000000000,18%,2899000000000,60,363,normal,837,5837
1649040116,20220404,5873954476,2390000000000,18%,2899000000000,68,363,normal,838,5839
1649043163,20220404,5873954476,2390000000000,18%,2899000000000,68,363,normal,838,5841
1649045674,20220404,5873954476,2390000000000,18%,2899000000000,69,363,normal,838,5842
1649047565,20220404,5873954476,2390000000000,18%,2899000000000,51,363,normal,838,5842
1649049078,20220404,5873954476,2319000000000,20%,2899000000000,16,363,normal,838,5845
1649050523,20220404,5873954476,2390000000000,18%,2899000000000,70,363,normal,838,5845
1649052910,20220404,5873954476,2319000000000,20%,2899000000000,13,363,normal,838,5850
1649054696,20220404,5873954476,2390000000000,18%,2899000000000,83,363,normal,838,5852
1649056336,20220404,5873954476,2390000000000,18%,2899000000000,83,363,normal,838,5851
1649057767,20220404,5873954476,2390000000000,18%,2899000000000,85,363,normal,838,5851
1649060381,20220404,5873954476,2390000000000,18%,2899000000000,7,363,normal,838,5851
1649062010,20220404,5873954476,2390000000000,18%,2899000000000,85,363,normal,838,5851
1649063546,20220404,5873954476,2390000000000,18%,2899000000000,87,363,normal,838,5851
1649065099,20220404,5873954476,2390000000000,18%,2899000000000,87,363,normal,838,5850
1649067199,20220404,5873954476,2390000000000,18%,2899000000000,90,363,normal,839,5851
1649068948,20220404,5873954476,2390000000000,18%,2899000000000,94,363,normal,839,5852
1649070862,20220404,5873954476,2390000000000,18%,2899000000000,96,363,normal,839,5852
1649072370,20220404,5873954476,2390000000000,18%,2899000000000,97,363,normal,839,5852
1649075072,20220404,5873954476,2390000000000,18%,2899000000000,99,363,normal,840,5852
1649077477,20220404,5873954476,2390000000000,18%,2899000000000,99,363,normal,840,5851
1649081612,20220404,5873954476,2390000000000,18%,2899000000000,99,363,normal,840,5852
1649083018,20220404,5873954476,2390000000000,18%,2899000000000,99,363,normal,840,5853
1649085194,20220404,5873954476,2390000000000,18%,2899000000000,101,363,normal,840,5855
1649086873,20220404,5873954476,2390000000000,18%,2899000000000,101,363,normal,840,5857
1649089044,20220404,5873954476,2390000000000,18%,2899000000000,101,363,normal,840,5860
1649092775,20220404,5873954476,2390000000000,18%,2899000000000,105,340,normal,840,5860
1649094007,20220404,5873954476,2390000000000,18%,2899000000000,112,340,normal,841,5861
1649099638,20220404,5873954476,2390000000000,18%,2899000000000,112,340,normal,841,5862
1649100877,20220404,5873954476,2390000000000,18%,2899000000000,112,340,normal,841,5863
1649113987,20220404,5873954476,2390000000000,18%,2899000000000,112,340,normal,841,5862
1649119920,20220405,5873954476,2390000000000,18%,2899000000000,112,340,normal,841,5862
1649128159,20220405,5873954476,2390000000000,18%,2899000000000,110,340,normal,841,5862
1649130473,20220405,5873954476,2390000000000,18%,2899000000000,111,340,normal,841,5862
1649132088,20220405,5873954476,2390000000000,18%,2899000000000,112,340,normal,841,5863
1649135494,20220405,5873954476,2390000000000,18%,2899000000000,113,340,normal,841,5863
1649141051,20220405,5873954476,2390000000000,18%,2899000000000,113,340,normal,841,5862
1649146576,20220405,5873954476,2390000000000,18%,2899000000000,114,340,normal,841,5862
1649148342,20220405,5873954476,2390000000000,18%,2899000000000,113,340,normal,841,5863
1649151452,20220405,5873954476,2390000000000,18%,2899000000000,114,340,normal,841,5863
1649157094,20220405,5873954476,2390000000000,18%,2899000000000,114,340,normal,841,5864
1649158660,20220405,5873954476,2390000000000,18%,2899000000000,114,340,normal,841,5867
1649161360,20220405,5873954476,2390000000000,18%,2899000000000,114,340,normal,842,5867
1649165300,20220405,5873954476,2390000000000,18%,2899000000000,114,340,normal,843,5867
1649169497,20220405,5873954476,2390000000000,18%,2899000000000,115,340,normal,843,5868
1649171574,20220405,5873954476,2390000000000,18%,2899000000000,115,340,normal,845,5868
1649177712,20220405,5873954476,2390000000000,18%,2899000000000,115,326,normal,845,5868
1649182453,20220405,5873954476,2390000000000,18%,2899000000000,115,326,normal,845,5867
1649191058,20220405,5873954476,2390000000000,18%,2899000000000,116,326,normal,845,5867
1649201854,20220405,5873954476,2390000000000,18%,2899000000000,116,326,normal,845,5868
1649206573,20220406,5873954476,2390000000000,18%,2899000000000,116,326,normal,846,5869
1649216955,20220406,5873954476,2390000000000,18%,2899000000000,116,326,normal,846,5870
1649225647,20220406,5873954476,2390000000000,18%,2899000000000,116,326,normal,846,5871
1649229132,20220406,5873954476,2390000000000,18%,2899000000000,116,326,normal,846,5872
1649234743,20220406,5873954476,2390000000000,18%,2899000000000,116,326,normal,847,5873
1649237920,20220406,5873954476,2390000000000,18%,2899000000000,115,326,normal,847,5873
1649241434,20220406,5873954476,2390000000000,18%,2899000000000,115,326,normal,847,5872
1649249313,20220406,5873954476,2390000000000,18%,2899000000000,115,326,normal,848,5872
1649252538,20220406,5873954476,2390000000000,18%,2899000000000,115,326,normal,848,5873
1649257656,20220406,5873954476,2390000000000,18%,2899000000000,115,326,normal,849,5874
1649259487,20220406,5873954476,2390000000000,18%,2899000000000,115,326,normal,849,5875
1649263241,20220406,5873954476,2390000000000,18%,2899000000000,115,322,normal,850,5876
1649266464,20220406,5873954476,2390000000000,18%,2899000000000,114,322,normal,850,5877
1649290128,20220407,5873954476,2390000000000,18%,2899000000000,114,322,normal,850,5877
1649295014,20220407,5873954476,2390000000000,18%,2899000000000,114,322,normal,851,5877
1649301158,20220407,5873954476,2390000000000,18%,2899000000000,114,322,normal,851,5876
1649302769,20220407,5873954476,2390000000000,18%,2899000000000,114,322,normal,851,5875
1649306313,20220407,5873954476,2390000000000,18%,2899000000000,115,322,normal,851,5876
1649309558,20220407,5873954476,2390000000000,18%,2899000000000,115,322,normal,851,5877
1649311380,20220407,5873954476,2390000000000,18%,2899000000000,114,322,normal,851,5877
1649314969,20220407,5873954476,2390000000000,18%,2899000000000,114,322,normal,851,5878
1649318913,20220407,5873954476,2390000000000,18%,2899000000000,112,322,normal,851,5878
1649320908,20220407,5873954476,2390000000000,18%,2899000000000,112,322,normal,851,5879
1649322488,20220407,5873954476,2390000000000,18%,2899000000000,121,322,normal,851,5879
1649324298,20220407,5873954476,2390000000000,18%,2899000000000,122,322,normal,851,5880
1649327983,20220407,5873954476,2390000000000,18%,2899000000000,122,322,normal,851,5881
1649331445,20220407,5873954476,2390000000000,18%,2899000000000,122,322,normal,851,5883
1649333053,20220407,5873954476,2390000000000,18%,2899000000000,122,322,normal,852,5883
1649335655,20220407,5873954476,2390000000000,18%,2899000000000,122,322,normal,852,5884
1649337223,20220407,5873954476,2390000000000,18%,2899000000000,122,322,normal,852,5885
1649338955,20220407,5873954476,2390000000000,18%,2899000000000,122,322,normal,853,5886
1649342037,20220407,5873954476,2390000000000,18%,2899000000000,122,322,normal,854,5886
1649344054,20220407,5873954476,2390000000000,18%,2899000000000,122,322,normal,854,5888
1649345831,20220407,5873954476,2390000000000,18%,2899000000000,122,322,normal,854,5889
1649351358,20220407,5873954476,2390000000000,18%,2899000000000,122,325,normal,854,5890
1649352888,20220407,5873954476,2390000000000,18%,2899000000000,123,325,normal,854,5890
1649356613,20220407,5873954476,2390000000000,18%,2899000000000,123,325,normal,854,5889
1649361769,20220407,5873954476,2390000000000,18%,2899000000000,123,325,normal,854,5890
1649368969,20220407,5873954476,2390000000000,18%,2899000000000,123,325,normal,854,5891
1649372571,20220407,5873954476,2390000000000,18%,2899000000000,123,325,normal,854,5892
1649376515,20220408,5873954476,2390000000000,18%,2899000000000,123,325,normal,854,5892
1649378806,20220408,5873954476,2390000000000,18%,2899000000000,122,325,normal,854,5891
1649381409,20220408,5873954476,2390000000000,18%,2899000000000,122,325,normal,854,5892
1649386445,20220408,5873954476,2390000000000,18%,2899000000000,122,325,normal,854,5893
1649394163,20220408,5873954476,2390000000000,18%,2899000000000,121,325,normal,854,5893
1649395955,20220408,5873954476,2390000000000,18%,2899000000000,121,325,normal,854,5892
1649399850,20220408,5873954476,2390000000000,18%,2899000000000,121,325,normal,855,5892
1649405000,20220408,5873954476,2390000000000,18%,2899000000000,112,325,normal,855,5893
1649408865,20220408,5873954476,2390000000000,18%,2899000000000,161,325,normal,855,5893
1649410466,20220408,5873954476,2390000000000,18%,2899000000000,232,325,normal,855,5893
1649412464,20220408,5873954476,2390000000000,18%,2899000000000,299,325,normal,855,5893
1649414240,20220408,5873954476,2390000000000,18%,2899000000000,340,325,normal,855,5893
1649415773,20220408,5873954476,2390000000000,18%,2899000000000,372,325,normal,855,5893
1649417549,20220408,5873954476,2390000000000,18%,2899000000000,392,325,normal,855,5894
1649419410,20220408,5873954476,2390000000000,18%,2899000000000,402,325,normal,855,5894
1649422121,20220408,5873954476,2390000000000,18%,2899000000000,402,325,normal,855,5895
1649426863,20220408,5873954476,2390000000000,18%,2899000000000,402,325,normal,855,5896
1649428702,20220408,5873954476,2390000000000,18%,2899000000000,401,325,normal,855,5896
1649430473,20220408,5873954476,2390000000000,18%,2899000000000,401,325,normal,855,5897
1649432431,20220408,5873954476,2390000000000,18%,2899000000000,401,325,normal,855,5898
1649434069,20220408,5873954476,2390000000000,18%,2899000000000,401,325,normal,855,5899
1649436176,20220408,5873954476,2390000000000,18%,2899000000000,401,322,normal,855,5899
1649444560,20220408,5873954476,2390000000000,18%,2899000000000,401,322,normal,855,5900
1649452072,20220408,5873954476,2390000000000,18%,2899000000000,401,322,normal,855,5901
1649462941,20220409,5873954476,2390000000000,18%,2899000000000,401,322,normal,855,5901
1649470021,20220409,5873954476,2390000000000,18%,2899000000000,401,322,normal,855,5902
1649480560,20220409,5873954476,2390000000000,18%,2899000000000,401,322,normal,855,5903
1649482345,20220409,5873954476,2390000000000,18%,2899000000000,401,322,normal,855,5904
1649486223,20220409,5873954476,2390000000000,18%,2899000000000,401,322,normal,855,5905
