data/history/5873954476.csv
time,date,itemid,price,discount,price_before_discount,stock,sold,item_status,cmt_count,liked_count
1650422769,20220420,5873954476,2380000000000,18%,2899000000000,380,293,normal,879,6045
1650425527,20220420,5873954476,2380000000000,18%,2899000000000,379,293,normal,879,6045
1650428299,20220420,5873954476,2380000000000,18%,2899000000000,380,293,normal,879,6047
1650434591,20220420,5873954476,2380000000000,18%,2899000000000,382,293,normal,879,6047
1650436731,20220420,5873954476,2380000000000,18%,2899000000000,382,293,normal,880,6047
1650440162,20220420,5873954476,2380000000000,18%,2899000000000,382,293,normal,880,6048
1650450967,20220420,5873954476,2380000000000,18%,2899000000000,382,293,normal,880,6049
1650452563,20220420,5873954476,2380000000000,18%,2899000000000,382,293,normal,880,6050
1650454634,20220420,5873954476,2380000000000,18%,2899000000000,382,293,normal,880,6051
1650460674,20220420,5873954476,2380000000000,18%,2899000000000,382,293,normal,880,6052
1650465210,20220420,5873954476,2380000000000,18%,2899000000000,382,293,normal,880,6053
1650466977,20220420,5873954476,2380000000000,18%,2899000000000,381,293,normal,880,6053
1650469101,20220420,5873954476,2380000000000,18%,2899000000000,380,293,normal,881,6053
1650472952,20220420,5873954476,2380000000000,18%,2899000000000,380,292,normal,881,6053
1650477770,20220420,5873954476,2380000000000,18%,2899000000000,380,292,normal,881,6054
1650499822,20220421,5873954476,2380000000000,18%,2899000000000,380,292,normal,881,6054
1650508874,20220421,5873954476,2380000000000,18%,2899000000000,380,292,normal,881,6055
1650513255,20220421,5873954476,2380000000000,18%,2899000000000,379,292,normal,881,6056
1650516304,20220421,5873954476,2380000000000,18%,2899000000000,380,292,normal,881,6057
1650530557,20220421,5873954476,2380000000000,18%,2899000000000,381,292,normal,881,6057
1650532077,20220421,5873954476,2380000000000,18%,2899000000000,380,292,normal,881,6058
1650533840,20220421,5873954476,2380000000000,18%,2899000000000,381,292,normal,881,6058
1650539046,20220421,5873954476,2380000000000,18%,2899000000000,381,292,normal,881,6057
1650542940,20220421,5873954476,2380000000000,18%,2899000000000,381,292,normal,881,6059
1650547027,20220421,5873954476,2380000000000,18%,2899000000000,381,292,normal,881,6060
1650559356,20220421,5873954476,2380000000000,18%,2899000000000,381,278,normal,881,6060
1650560987,20220421,5873954476,2380000000000,18%,2899000000000,381,278,normal,881,6061
1650564204,20220421,5873954476,2380000000000,18%,2899000000000,381,278,normal,881,6062
1650578567,20220421,5873954476,2380000000000,18%,2899000000000,381,278,normal,881,6063
1650586196,20220422,5873954476,2380000000000,18%,2899000000000,381,278,normal,881,6063
1650591129,20220422,5873954476,2380000000000,18%,2899000000000,381,278,normal,881,6064
1650601118,20220422,5873954476,2380000000000,18%,2899000000000,381,278,normal,881,6065
1650602721,20220422,5873954476,2380000000000,18%,2899000000000,380,278,normal,881,6067
1650604473,20220422,5873954476,2380000000000,18%,2899000000000,380,278,normal,881,6069
1650606148,20220422,5873954476,2380000000000,18%,2899000000000,379,278,normal,881,6069
1650609494,20220422,5873954476,2380000000000,18%,2899000000000,320,278,normal,881,6069
1650610969,20220422,5873954476,2380000000000,18%,2899000000000,290,278,normal,881,6070
1650614651,20220422,5873954476,2380000000000,18%,2899000000000,289,278,normal,881,6070
1650620286,20220422,5873954476,2380000000000,18%,2899000000000,289,278,normal,881,6071
1650623822,20220422,5873954476,2380000000000,18%,2899000000000,288,278,normal,881,6071
1650625363,20220422,5873954476,2380000000000,18%,2899000000000,289,278,normal,881,6071
1650627182,20220422,5873954476,2380000000000,18%,2899000000000,289,278,normal,882,6072
1650633524,20220422,5873954476,2380000000000,18%,2899000000000,289,278,normal,882,6074
1650634962,20220422,5873954476,2380000000000,18%,2899000000000,289,278,normal,882,6075
1650643407,20220422,5873954476,2380000000000,18%,2899000000000,289,278,normal,882,6077
1650645711,20220422,5873954476,2380000000000,18%,2899000000000,288,268,normal,882,6077
1650655936,20220422,5873954476,2380000000000,18%,2899000000000,288,268,normal,882,6078
1650663199,20220422,5873954476,2380000000000,18%,2899000000000,285,268,normal,882,6078
1650664967,20220422,5873954476,2380000000000,18%,2899000000000,285,268,normal,882,6079
1650666908,20220422,5873954476,2380000000000,18%,2899000000000,285,268,normal,882,6080
1650672486,20220423,5873954476,2380000000000,18%,2899000000000,285,268,normal,882,6081
1650677452,20220423,5873954476,2380000000000,18%,2899000000000,285,268,normal,882,6082
1650681090,20220423,5873954476,2380000000000,18%,2899000000000,284,268,normal,882,6082
1650683785,20220423,5873954476,2380000000000,18%,2899000000000,284,268,normal,883,6084
1650685244,20220423,5873954476,2380000000000,18%,2899000000000,283,268,normal,883,6085
1650688707,20220423,5873954476,2380000000000,18%,2899000000000,284,268,normal,883,6085
1650691955,20220423,5873954476,2380000000000,18%,2899000000000,284,268,normal,883,6084
1650693966,20220423,5873954476,2380000000000,18%,2899000000000,283,268,normal,883,6086
1650701097,20220423,5873954476,2380000000000,18%,2899000000000,283,268,normal,883,6087
1650706426,20220423,5873954476,2380000000000,18%,2899000000000,282,268,normal,883,6089
1650708188,20220423,5873954476,2380000000000,18%,2899000000000,282,268,normal,883,6090
1650711762,20220423,5873954476,2380000000000,18%,2899000000000,283,268,normal,883,6090
1650713535,20220423,5873954476,2380000000000,18%,2899000000000,283,268,normal,883,6091
1650715411,20220423,5873954476,2380000000000,18%,2899000000000,283,268,normal,883,6092
1650732019,20220423,5873954476,2380000000000,18%,2899000000000,283,268,normal,884,6092
1650733479,20220423,5873954476,2380000000000,18%,2899000000000,283,257,normal,884,6092
1650736983,20220423,5873954476,2380000000000,18%,2899000000000,283,257,normal,884,6091
1650742324,20220423,5873954476,2380000000000,18%,2899000000000,283,257,normal,884,6092
1650747778,20220423,5873954476,2380000000000,18%,2899000000000,282,257,normal,884,6092
1650749569,20220423,5873954476,2380000000000,18%,2899000000000,285,257,normal,884,6092
1650758978,20220424,5873954476,2380000000000,18%,2899000000000,285,257,normal,884,6092
1650775115,20220424,5873954476,2380000000000,18%,2899000000000,285,257,normal,884,6093
1650778357,20220424,5873954476,2380000000000,18%,2899000000000,284,257,normal,884,6094
1650782246,20220424,5873954476,2380000000000,18%,2899000000000,283,257,normal,884,6094
1650787394,20220424,5873954476,2380000000000,18%,2899000000000,283,257,normal,884,6095
1650790969,20220424,5873954476,2380000000000,18%,2899000000000,284,257,normal,884,6095
1650796525,20220424,5873954476,2380000000000,18%,2899000000000,284,257,normal,884,6096
1650798163,20220424,5873954476,2380000000000,18%,2899000000000,284,257,normal,884,6097
1650799930,20220424,5873954476,2380000000000,18%,2899000000000,164,257,normal,884,6097
1650801803,20220424,5873954476,2380000000000,18%,2899000000000,163,257,normal,884,6097
1650816161,20220424,5873954476,2380000000000,18%,2899000000000,163,257,normal,885,6098
1650818411,20220424,5873954476,2380000000000,18%,2899000000000,163,252,normal,885,6103
1650819882,20220424,5873954476,2339000000000,19%,2899000000000,17,252,normal,885,6106
1650821678,20220424,5873954476,2340000000000,19%,2899000000000,120,252,normal,885,6106
1650825399,20220424,5873954476,2340000000000,19%,2899000000000,156,252,normal,885,6105
1650845319,20220425,5873954476,2340000000000,19%,2899000000000,155,252,normal,885,6105
1650847595,20220425,5873954476,2340000000000,19%,2899000000000,154,252,normal,885,6106
1650854272,20220425,5873954476,2339000000000,19%,2899000000000,26,252,normal,885,6107
1650857006,20220425,5873954476,2340000000000,19%,2899000000000,160,252,normal,885,6109
1650858301,20220425,5873954476,2340000000000,19%,2899000000000,145,252,normal,885,6109
1650859595,20220425,5873954476,2340000000000,19%,2899000000000,146,252,normal,885,6109
1650861616,20220425,5873954476,2340000000000,19%,2899000000000,147,252,normal,885,6111
1650863029,20220425,5873954476,2339000000000,19%,2899000000000,30,252,normal,885,6112
1650864813,20220425,5873954476,2340000000000,19%,2899000000000,90,252,normal,885,6112
1650872030,20220425,5873954476,2340000000000,19%,2899000000000,90,252,normal,885,6113
1650874076,20220425,5873954476,2339000000000,19%,2899000000000,45,252,normal,885,6114
1650875890,20220425,5873954476,2339000000000,19%,2899000000000,45,252,normal,885,6115
1650877672,20220425,5873954476,2339000000000,19%,2899000000000,45,252,normal,885,6116
1650879287,20220425,5873954476,2339000000000,19%,2899000000000,45,252,normal,885,6117
1650881328,20220425,5873954476,2339000000000,19%,2899000000000,44,252,normal,885,6116
1650884876,20220425,5873954476,2345000000000,19%,2899000000000,45,252,normal,885,6117
1650886623,20220425,5873954476,2345000000000,19%,2899000000000,44,252,normal,885,6117
1650888524,20220425,5873954476,2345000000000,19%,2899000000000,44,252,normal,885,6118
1650890911,20220425,5873954476,2345000000000,19%,2899000000000,44,252,normal,885,6119
1650892685,20220425,5873954476,2345000000000,19%,2899000000000,44,252,normal,886,6121
1650894290,20220425,5873954476,2345000000000,19%,2899000000000,44,252,normal,886,6122
1650895688,20220425,5873954476,2340000000000,19%,2899000000000,90,252,normal,886,6122
1650897455,20220425,5873954476,2340000000000,19%,2899000000000,90,252,normal,886,6123
1650899494,20220425,5873954476,2340000000000,19%,2899000000000,89,252,normal,886,6123
1650902877,20220425,5873954476,2340000000000,19%,2899000000000,89,252,normal,886,6124
1650904917,20220425,5873954476,2340000000000,19%,2899000000000,89,250,normal,886,6125
1650906450,20220425,5873954476,2380000000000,18%,2899000000000,342,250,normal,886,6125
1650908260,20220425,5873954476,2380000000000,18%,2899000000000,342,250,normal,886,6126
1650910063,20220425,5873954476,2380000000000,18%,2899000000000,342,250,normal,886,6127
1650929711,20220425,5873954476,2380000000000,18%,2899000000000,343,250,normal,886,6127
1650931777,20220426,5873954476,2380000000000,18%,2899000000000,343,250,normal,886,6127
1650940965,20220426,5873954476,2380000000000,18%,2899000000000,342,250,normal,886,6128
1650948092,20220426,5873954476,2380000000000,18%,2899000000000,343,250,normal,886,6128
1650956873,20220426,5873954476,2380000000000,18%,2899000000000,343,250,normal,886,6130
1650958712,20220426,5873954476,2345000000000,19%,2899000000000,343,250,normal,886,6131
1650960497,20220426,5873954476,2345000000000,19%,2899000000000,331,250,normal,886,6131
1650962573,20220426,5873954476,2345000000000,19%,2899000000000,329,250,normal,886,6131
1650967652,20220426,5873954476,2345000000000,19%,2899000000000,329,250,normal,886,6132
1650974954,20220426,5873954476,2342000000000,19%,2899000000000,5,250,normal,886,6132
1650977373,20220426,5873954476,2342000000000,19%,2899000000000,4,250,normal,886,6133
1650980657,20220426,5873954476,2342000000000,19%,2899000000000,3,250,normal,886,6133
1650981975,20220426,5873954476,2345000000000,19%,2899000000000,331,250,normal,886,6134
1650983604,20220426,5873954476,2345000000000,19%,2899000000000,331,250,normal,886,6135
1650985391,20220426,5873954476,2345000000000,19%,2899000000000,331,250,normal,886,6136
1650987386,20220426,5873954476,2345000000000,19%,2899000000000,330,250,normal,886,6136
1650991297,20220426,5873954476,2345000000000,19%,2899000000000,330,242,normal,886,6136
1650993128,20220426,5873954476,2345000000000,19%,2899000000000,330,242,normal,886,6137
1650996481,20220426,5873954476,2345000000000,19%,2899000000000,330,242,normal,886,6138
1650998344,20220426,5873954476,2345000000000,19%,2899000000000,330,242,normal,886,6139
1651001621,20220426,5873954476,2345000000000,19%,2899000000000,330,242,normal,886,6140
1651008834,20220426,5873954476,2345000000000,19%,2899000000000,330,242,normal,886,6141
1651018195,20220427,5873954476,2345000000000,19%,2899000000000,330,242,normal,886,6141
1651027593,20220427,5873954476,2345000000000,19%,2899000000000,328,242,normal,886,6141
1651030358,20220427,5873954476,2345000000000,19%,2899000000000,376,242,normal,886,6141
1651033022,20220427,5873954476,2345000000000,19%,2899000000000,407,242,normal,886,6141
1651036315,20220427,5873954476,2345000000000,19%,2899000000000,429,242,normal,886,6141
1651037912,20220427,5873954476,2345000000000,19%,2899000000000,465,242,normal,886,6141
1651039378,20220427,5873954476,2345000000000,19%,2899000000000,473,242,normal,886,6141
1651041509,20220427,5873954476,2345000000000,19%,2899000000000,460,242,normal,886,6141
1651048892,20220427,5873954476,2345000000000,19%,2899000000000,460,242,normal,886,6142
1651054088,20220427,5873954476,2345000000000,19%,2899000000000,460,242,normal,886,6143
1651059458,20220427,5873954476,2345000000000,19%,2899000000000,460,242,normal,886,6144
1651063726,20220427,5873954476,2345000000000,19%,2899000000000,461,242,normal,886,6144
1651074103,20220427,5873954476,2345000000000,19%,2899000000000,462,242,normal,887,6144
1651077729,20220427,5873954476,2345000000000,19%,2899000000000,462,240,normal,887,6144
1651081101,20220427,5873954476,2345000000000,19%,2899000000000,461,240,normal,887,6144
1651084956,20220427,5873954476,2345000000000,19%,2899000000000,460,240,normal,887,6144
1651087965,20220427,5873954476,2345000000000,19%,2899000000000,460,240,normal,887,6145
1651104709,20220428,5873954476,2345000000000,19%,2899000000000,460,240,normal,887,6146
1651114624,20220428,5873954476,2345000000000,19%,2899000000000,459,240,normal,887,6145
1651121714,20220428,5873954476,2345000000000,19%,2899000000000,458,240,normal,887,6145
1651123165,20220428,5873954476,2345000000000,19%,2899000000000,458,240,normal,887,6146
1651133297,20220428,5873954476,2345000000000,19%,2899000000000,443,240,normal,887,6146
1651135433,20220428,5873954476,2345000000000,19%,2899000000000,443,240,normal,887,6147
1651136877,20220428,5873954476,2345000000000,19%,2899000000000,441,240,normal,887,6147
1651144084,20220428,5873954476,2345000000000,19%,2899000000000,440,240,normal,888,6147
1651145864,20220428,5873954476,2345000000000,19%,2899000000000,440,240,normal,888,6148
1651150171,20220428,5873954476,2345000000000,19%,2899000000000,440,240,normal,889,6148
1651153503,20220428,5873954476,2345000000000,19%,2899000000000,440,240,normal,889,6149
1651154879,20220428,5873954476,2340000000000,19%,2899000000000,11,240,normal,889,6150
1651156373,20220428,5873954476,2340000000000,19%,2899000000000,11,240,normal,889,6149
1651158198,20220428,5873954476,2345000000000,19%,2899000000000,450,240,normal,889,6150
1651160214,20220428,5873954476,2345000000000,19%,2899000000000,451,240,normal,889,6150
1651164120,20220428,5873954476,2345000000000,19%,2899000000000,451,235,normal,889,6150
1651165580,20220428,5873954476,2340000000000,19%,2899000000000,12,235,normal,889,6151
1651167407,20220428,5873954476,2345000000000,19%,2899000000000,463,235,normal,889,6151
1651171417,20220428,5873954476,2345000000000,19%,2899000000000,464,235,normal,889,6151
1651185301,20220428,5873954476,2345000000000,19%,2899000000000,464,235,normal,890,6151
1651190947,20220429,5873954476,2345000000000,19%,2899000000000,464,235,normal,890,6151
1651193210,20220429,5873954476,2345000000000,19%,2899000000000,464,235,normal,890,6152
1651200278,20220429,5873954476,2345000000000,19%,2899000000000,549,235,normal,890,6154
1651202982,20220429,5873954476,2345000000000,19%,2899000000000,624,235,normal,891,6154
1651204272,20220429,5873954476,2345000000000,19%,2899000000000,651,235,normal,891,6154
1651205410,20220429,5873954476,2345000000000,19%,2899000000000,656,235,normal,891,6154
1651207310,20220429,5873954476,2345000000000,19%,2899000000000,658,235,normal,891,6154
1651208724,20220429,5873954476,2345000000000,19%,2899000000000,660,235,normal,891,6154
1651214297,20220429,5873954476,2345000000000,19%,2899000000000,660,235,normal,892,6154
1651219722,20220429,5873954476,2345000000000,19%,2899000000000,660,235,normal,892,6155
1651226853,20220429,5873954476,2345000000000,19%,2899000000000,660,235,normal,892,6154
1651230473,20220429,5873954476,2345000000000,19%,2899000000000,660,235,normal,892,6157
1651234132,20220429,5873954476,2345000000000,19%,2899000000000,660,235,normal,892,6158
1651238409,20220429,5873954476,2345000000000,19%,2899000000000,660,235,normal,892,6159
1651246640,20220429,5873954476,2345000000000,19%,2899000000000,660,235,normal,892,6160
1651250487,20220429,5873954476,2345000000000,19%,2899000000000,660,238,normal,892,6160
1651251994,20220429,5873954476,2340000000000,19%,2899000000000,12,238,normal,892,6159
1651253801,20220429,5873954476,2345000000000,19%,2899000000000,660,238,normal,892,6159
1651255395,20220429,5873954476,2345000000000,19%,2899000000000,672,238,normal,892,6159
1651268050,20220429,5873954476,2345000000000,19%,2899000000000,672,238,normal,892,6160
1651277386,20220430,5873954476,2345000000000,19%,2899000000000,672,238,normal,892,6160
1651286405,20220430,5873954476,2345000000000,19%,2899000000000,672,238,normal,892,6162
1651293583,20220430,5873954476,2345000000000,19%,2899000000000,672,238,normal,893,6162
1651294985,20220430,5873954476,2345000000000,19%,2899000000000,672,238,normal,894,6163
1651303978,20220430,5873954476,2345000000000,19%,2899000000000,672,238,normal,894,6162
1651307793,20220430,5873954476,2345000000000,19%,2899000000000,672,238,normal,894,6163
1651311239,20220430,5873954476,2345000000000,19%,2899000000000,672,238,normal,894,6164
1651316564,20220430,5873954476,2345000000000,19%,2899000000000,671,238,normal,894,6164
1651322526,20220430,5873954476,2345000000000,19%,2899000000000,670,238,normal,894,6163
1651324058,20220430,5873954476,2345000000000,19%,2899000000000,670,238,normal,894,6164
1651325788,20220430,5873954476,2345000000000,19%,2899000000000,670,238,normal,894,6165
1651330972,20220430,5873954476,2345000000000,19%,2899000000000,670,238,normal,894,6166
