data/history/5873954476.csv
time,date,itemid,price,discount,price_before_discount,stock,sold,item_status,cmt_count,liked_count
1653054173,20220520,5873954476,2320000000000,20%,2899000000000,462,270,normal,941,6373
1653057225,20220520,5873954476,2320000000000,20%,2899000000000,462,270,normal,941,6374
1653058980,20220520,5873954476,2320000000000,20%,2899000000000,462,270,normal,941,6373
1653064908,20220520,5873954476,2320000000000,20%,2899000000000,462,271,normal,941,6374
1653076975,20220520,5873954476,2320000000000,20%,2899000000000,462,271,normal,941,6375
1653080583,20220520,5873954476,2320000000000,20%,2899000000000,462,271,normal,941,6376
1653089713,20220520,5873954476,2320000000000,20%,2899000000000,462,271,normal,941,6377
1653091734,20220521,5873954476,2320000000000,20%,2899000000000,462,271,normal,941,6378
1653094000,20220521,5873954476,2320000000000,20%,2899000000000,456,271,normal,941,6378
1653101194,20220521,5873954476,2320000000000,20%,2899000000000,456,271,normal,941,6379
1653107972,20220521,5873954476,2320000000000,20%,2899000000000,455,271,normal,941,6380
1653111228,20220521,5873954476,2320000000000,20%,2899000000000,455,271,normal,941,6382
1653118409,20220521,5873954476,2320000000000,20%,2899000000000,456,271,normal,941,6383
1653122256,20220521,5873954476,2320000000000,20%,2899000000000,456,271,normal,942,6384
1653125683,20220521,5873954476,2320000000000,20%,2899000000000,455,271,normal,944,6384
1653129373,20220521,5873954476,2320000000000,20%,2899000000000,454,271,normal,944,6384
1653138564,20220521,5873954476,2320000000000,20%,2899000000000,454,271,normal,944,6385
1653141760,20220521,5873954476,2320000000000,20%,2899000000000,454,271,normal,945,6387
1653145383,20220521,5873954476,2320000000000,20%,2899000000000,454,271,normal,945,6388
1653147362,20220521,5873954476,2320000000000,20%,2899000000000,453,271,normal,945,6388
1653151226,20220521,5873954476,2320000000000,20%,2899000000000,453,281,normal,945,6388
1653156165,20220521,5873954476,2320000000000,20%,2899000000000,453,281,normal,946,6388
1653161535,20220521,5873954476,2320000000000,20%,2899000000000,453,281,normal,946,6389
1653163372,20220521,5873954476,2320000000000,20%,2899000000000,453,281,normal,946,6390
1653168821,20220521,5873954476,2320000000000,20%,2899000000000,454,281,normal,946,6390
1653178265,20220522,5873954476,2320000000000,20%,2899000000000,454,281,normal,946,6390
1653183003,20220522,5873954476,2320000000000,20%,2899000000000,454,281,normal,946,6389
1653191001,20220522,5873954476,2320000000000,20%,2899000000000,454,281,normal,946,6390
1653197621,20220522,5873954476,2320000000000,20%,2899000000000,454,281,normal,946,6391
1653213780,20220522,5873954476,2320000000000,20%,2899000000000,454,281,normal,946,6390
1653215777,20220522,5873954476,2320000000000,20%,2899000000000,454,281,normal,946,6391
1653219154,20220522,5873954476,2320000000000,20%,2899000000000,454,281,normal,946,6390
1653223371,20220522,5873954476,2320000000000,20%,2899000000000,454,281,normal,946,6391
1653226658,20220522,5873954476,2320000000000,20%,2899000000000,454,281,normal,947,6391
1653237633,20220522,5873954476,2320000000000,20%,2899000000000,454,276,normal,947,6392
1653239119,20220522,5873954476,2320000000000,20%,2899000000000,454,276,normal,947,6393
1653240950,20220522,5873954476,2320000000000,20%,2899000000000,454,276,normal,947,6392
1653258891,20220522,5873954476,2320000000000,20%,2899000000000,454,276,normal,947,6393
1653264578,20220523,5873954476,2320000000000,20%,2899000000000,454,276,normal,947,6393
1653266810,20220523,5873954476,2320000000000,20%,2899000000000,454,276,normal,947,6394
1653279094,20220523,5873954476,2320000000000,20%,2899000000000,454,276,normal,947,6395
1653280966,20220523,5873954476,2320000000000,20%,2899000000000,454,276,normal,947,6396
1653282435,20220523,5873954476,2320000000000,20%,2899000000000,456,276,normal,947,6396
1653285817,20220523,5873954476,2320000000000,20%,2899000000000,456,276,normal,947,6397
1653289446,20220523,5873954476,2320000000000,20%,2899000000000,455,276,normal,948,6397
1653291312,20220523,5873954476,2320000000000,20%,2899000000000,425,276,normal,948,6397
1653305610,20220523,5873954476,2320000000000,20%,2899000000000,425,276,normal,948,6398
1653307434,20220523,5873954476,2320000000000,20%,2899000000000,425,276,normal,949,6398
1653316463,20220523,5873954476,2320000000000,20%,2899000000000,425,276,normal,950,6398
1653320220,20220523,5873954476,2320000000000,20%,2899000000000,425,276,normal,951,6398
1653321774,20220523,5873954476,2320000000000,20%,2899000000000,425,276,normal,951,6399
1653325586,20220523,5873954476,2320000000000,20%,2899000000000,30,282,normal,952,6399
1653327421,20220523,5873954476,2320000000000,20%,2899000000000,29,282,normal,952,6401
1653331118,20220523,5873954476,2320000000000,20%,2899000000000,29,282,normal,952,6400
1653332558,20220523,5873954476,2320000000000,20%,2899000000000,454,282,normal,952,6400
1653351012,20220524,5873954476,2320000000000,20%,2899000000000,454,282,normal,952,6400
1653360185,20220524,5873954476,2320000000000,20%,2899000000000,454,282,normal,952,6399
1653367384,20220524,5873954476,2320000000000,20%,2899000000000,454,282,normal,952,6400
1653372180,20220524,5873954476,2320000000000,20%,2899000000000,430,282,normal,952,6400
1653374328,20220524,5873954476,2320000000000,20%,2899000000000,406,282,normal,952,6400
1653377647,20220524,5873954476,2320000000000,20%,2899000000000,406,282,normal,952,6399
1653379406,20220524,5873954476,2320000000000,20%,2899000000000,406,282,normal,952,6398
1653390168,20220524,5873954476,2320000000000,20%,2899000000000,406,282,normal,953,6398
1653401002,20220524,5873954476,2320000000000,20%,2899000000000,406,282,normal,953,6399
1653402860,20220524,5873954476,2320000000000,20%,2899000000000,286,282,normal,953,6399
1653408173,20220524,5873954476,2320000000000,20%,2899000000000,286,282,normal,954,6400
1653410552,20220524,5873954476,2320000000000,20%,2899000000000,286,289,normal,954,6400
1653412026,20220524,5873954476,2245000000000,23%,2899000000000,21,289,normal,955,6401
1653413924,20220524,5873954476,2270000000000,22%,2899000000000,119,289,normal,955,6401
1653415395,20220524,5873954476,2270000000000,22%,2899000000000,120,289,normal,955,6401
1653417524,20220524,5873954476,2270000000000,22%,2899000000000,117,289,normal,955,6401
1653424579,20220524,5873954476,2270000000000,22%,2899000000000,116,289,normal,955,6401
1653431736,20220524,5873954476,2270000000000,22%,2899000000000,115,289,normal,955,6401
1653437510,20220525,5873954476,2270000000000,22%,2899000000000,116,289,normal,955,6401
1653439645,20220525,5873954476,2270000000000,22%,2899000000000,116,289,normal,955,6402
1653442299,20220525,5873954476,2270000000000,22%,2899000000000,115,289,normal,955,6403
1653446485,20220525,5873954476,2290000000000,21%,2899000000000,22,289,normal,957,6402
1653449235,20220525,5873954476,2270000000000,22%,2899000000000,113,289,normal,958,6403
1653450472,20220525,5873954476,2270000000000,22%,2899000000000,112,289,normal,958,6403
1653453719,20220525,5873954476,2270000000000,22%,2899000000000,112,289,normal,958,6404
1653456974,20220525,5873954476,2270000000000,22%,2899000000000,112,289,normal,958,6405
1653458594,20220525,5873954476,2270000000000,22%,2899000000000,34,289,normal,958,6407
1653460722,20220525,5873954476,2270000000000,22%,2899000000000,32,289,normal,958,6409
1653462212,20220525,5873954476,2270000000000,22%,2899000000000,28,289,normal,958,6408
1653464049,20220525,5873954476,2270000000000,22%,2899000000000,26,289,normal,958,6409
1653465829,20220525,5873954476,2270000000000,22%,2899000000000,112,289,normal,958,6409
1653469377,20220525,5873954476,2270000000000,22%,2899000000000,111,289,normal,958,6409
1653471292,20220525,5873954476,2270000000000,22%,2899000000000,111,289,normal,958,6407
1653475031,20220525,5873954476,2270000000000,22%,2899000000000,109,289,normal,958,6407
1653476582,20220525,5873954476,2270000000000,22%,2899000000000,109,289,normal,959,6408
1653478419,20220525,5873954476,2270000000000,22%,2899000000000,108,289,normal,959,6409
1653480231,20220525,5873954476,2270000000000,22%,2899000000000,108,289,normal,959,6410
1653482666,20220525,5873954476,2270000000000,22%,2899000000000,108,289,normal,959,6411
1653484490,20220525,5873954476,2270000000000,22%,2899000000000,108,289,normal,959,6412
1653486267,20220525,5873954476,2270000000000,22%,2899000000000,109,289,normal,959,6412
1653487634,20220525,5873954476,2270000000000,22%,2899000000000,107,289,normal,959,6412
1653490979,20220525,5873954476,2270000000000,22%,2899000000000,106,289,normal,959,6412
1653494588,20220525,5873954476,2270000000000,22%,2899000000000,105,289,normal,959,6413
1653496948,20220525,5873954476,2270000000000,22%,2899000000000,104,283,normal,959,6413
1653498453,20220525,5873954476,2320000000000,20%,2899000000000,422,283,normal,959,6414
1653500326,20220525,5873954476,2320000000000,20%,2899000000000,422,283,normal,959,6415
1653507148,20220525,5873954476,2320000000000,20%,2899000000000,423,283,normal,959,6415
1653521693,20220525,5873954476,2320000000000,20%,2899000000000,423,283,normal,959,6416
1653523826,20220526,5873954476,2320000000000,20%,2899000000000,423,283,normal,959,6417
1653535766,20220526,5873954476,2320000000000,20%,2899000000000,423,283,normal,959,6416
1653537052,20220526,5873954476,2320000000000,20%,2899000000000,427,283,normal,959,6416
1653538207,20220526,5873954476,2320000000000,20%,2899000000000,430,283,normal,959,6416
1653540124,20220526,5873954476,2320000000000,20%,2899000000000,431,283,normal,959,6417
1653544985,20220526,5873954476,2320000000000,20%,2899000000000,439,283,normal,959,6417
1653547121,20220526,5873954476,2320000000000,20%,2899000000000,447,283,normal,959,6417
1653554315,20220526,5873954476,2320000000000,20%,2899000000000,452,283,normal,959,6417
1653557746,20220526,5873954476,2320000000000,20%,2899000000000,452,283,normal,959,6418
1653564789,20220526,5873954476,2320000000000,20%,2899000000000,453,283,normal,959,6418
1653566621,20220526,5873954476,2320000000000,20%,2899000000000,454,283,normal,959,6418
1653575643,20220526,5873954476,2320000000000,20%,2899000000000,454,283,normal,959,6419
1653583321,20220526,5873954476,2320000000000,20%,2899000000000,454,282,normal,959,6419
1653586686,20220526,5873954476,2320000000000,20%,2899000000000,453,282,normal,959,6419
1653588179,20220526,5873954476,2320000000000,20%,2899000000000,453,282,normal,959,6420
1653591758,20220526,5873954476,2320000000000,20%,2899000000000,453,282,normal,959,6421
1653610182,20220527,5873954476,2320000000000,20%,2899000000000,453,282,normal,959,6421
1653615193,20220527,5873954476,2320000000000,20%,2899000000000,453,282,normal,959,6422
1653619374,20220527,5873954476,2320000000000,20%,2899000000000,453,282,normal,960,6422
1653622188,20220527,5873954476,2320000000000,20%,2899000000000,451,282,normal,960,6423
1653629788,20220527,5873954476,2320000000000,20%,2899000000000,451,282,normal,960,6425
1653631389,20220527,5873954476,2320000000000,20%,2899000000000,450,282,normal,960,6425
1653634966,20220527,5873954476,2320000000000,20%,2899000000000,450,282,normal,961,6425
1653640686,20220527,5873954476,2320000000000,20%,2899000000000,429,282,normal,961,6426
1653644122,20220527,5873954476,2320000000000,20%,2899000000000,429,282,normal,962,6426
1653647826,20220527,5873954476,2320000000000,20%,2899000000000,429,282,normal,963,6426
1653669714,20220527,5873954476,2320000000000,20%,2899000000000,429,279,normal,963,6427
1653671209,20220527,5873954476,2320000000000,20%,2899000000000,429,279,normal,963,6426
1653673094,20220527,5873954476,2320000000000,20%,2899000000000,429,279,normal,963,6425
1653678161,20220527,5873954476,2320000000000,20%,2899000000000,429,279,normal,963,6426
1653696574,20220528,5873954476,2320000000000,20%,2899000000000,429,279,normal,963,6426
1653708118,20220528,5873954476,2320000000000,20%,2899000000000,429,279,normal,963,6427
1653714198,20220528,5873954476,2320000000000,20%,2899000000000,428,279,normal,963,6428
1653716028,20220528,5873954476,2320000000000,20%,2899000000000,428,279,normal,963,6429
1653717780,20220528,5873954476,2320000000000,20%,2899000000000,429,279,normal,963,6429
1653724973,20220528,5873954476,2320000000000,20%,2899000000000,429,279,normal,964,6431
1653730467,20220528,5873954476,2320000000000,20%,2899000000000,429,279,normal,964,6432
1653732164,20220528,5873954476,2320000000000,20%,2899000000000,429,279,normal,966,6432
1653737560,20220528,5873954476,2320000000000,20%,2899000000000,429,279,normal,966,6433
1653741759,20220528,5873954476,2320000000000,20%,2899000000000,429,279,normal,966,6434
1653745065,20220528,5873954476,2320000000000,20%,2899000000000,429,279,normal,966,6435
1653746576,20220528,5873954476,2320000000000,20%,2899000000000,429,279,normal,966,6437
1653748405,20220528,5873954476,2320000000000,20%,2899000000000,428,279,normal,966,6438
1653756088,20220528,5873954476,2320000000000,20%,2899000000000,428,276,normal,966,6438
1653759381,20220528,5873954476,2320000000000,20%,2899000000000,427,276,normal,966,6438
1653773636,20220528,5873954476,2320000000000,20%,2899000000000,427,276,normal,966,6437
1653783062,20220529,5873954476,2320000000000,20%,2899000000000,427,276,normal,966,6437
1653787933,20220529,5873954476,2320000000000,20%,2899000000000,427,276,normal,966,6439
1653795017,20220529,5873954476,2320000000000,20%,2899000000000,427,276,normal,966,6440
1653804173,20220529,5873954476,2320000000000,20%,2899000000000,427,276,normal,966,6439
1653806342,20220529,5873954476,2320000000000,20%,2899000000000,427,276,normal,966,6440
1653809611,20220529,5873954476,2320000000000,20%,2899000000000,427,276,normal,966,6439
1653813432,20220529,5873954476,2320000000000,20%,2899000000000,426,276,normal,966,6439
1653823965,20220529,5873954476,2320000000000,20%,2899000000000,427,276,normal,966,6439
1653825795,20220529,5873954476,2320000000000,20%,2899000000000,426,276,normal,966,6439
1653838567,20220529,5873954476,2320000000000,20%,2899000000000,426,276,normal,966,6438
1653840173,20220529,5873954476,2320000000000,20%,2899000000000,426,276,normal,966,6437
1653842439,20220529,5873954476,2320000000000,20%,2899000000000,426,272,normal,966,6437
1653843961,20220529,5873954476,2320000000000,20%,2899000000000,21,272,normal,966,6437
1653847374,20220529,5873954476,2320000000000,20%,2899000000000,426,272,normal,966,6437
1653849445,20220529,5873954476,2320000000000,20%,2899000000000,447,272,normal,966,6437
1653869489,20220530,5873954476,2320000000000,20%,2899000000000,447,272,normal,966,6437
1653887403,20220530,5873954476,2320000000000,20%,2899000000000,446,272,normal,966,6437
1653889061,20220530,5873954476,2320000000000,20%,2899000000000,416,272,normal,966,6437
1653890615,20220530,5873954476,2320000000000,20%,2899000000000,416,272,normal,967,6437
1653892828,20220530,5873954476,2320000000000,20%,2899000000000,415,272,normal,967,6437
1653896104,20220530,5873954476,2320000000000,20%,2899000000000,415,272,normal,967,6438
1653899952,20220530,5873954476,2320000000000,20%,2899000000000,416,272,normal,967,6438
1653901393,20220530,5873954476,2320000000000,20%,2899000000000,416,272,normal,968,6439
1653904960,20220530,5873954476,2320000000000,20%,2899000000000,418,272,normal,968,6441
1653908564,20220530,5873954476,2320000000000,20%,2899000000000,418,272,normal,968,6442
1653910441,20220530,5873954476,2320000000000,20%,2899000000000,418,272,normal,968,6443
1653912233,20220530,5873954476,2320000000000,20%,2899000000000,418,272,normal,968,6442
1653921252,20220530,5873954476,2320000000000,20%,2899000000000,418,272,normal,968,6443
1653922992,20220530,5873954476,2320000000000,20%,2899000000000,418,272,normal,968,6444
1653928906,20220530,5873954476,2320000000000,20%,2899000000000,418,274,normal,968,6445
1653930430,20220530,5873954476,2320000000000,20%,2899000000000,30,274,normal,968,6445
1653933777,20220530,5873954476,2320000000000,20%,2899000000000,448,274,normal,969,6445
1653937360,20220530,5873954476,2320000000000,20%,2899000000000,448,274,normal,969,6444
1653955772,20220531,5873954476,2320000000000,20%,2899000000000,448,274,normal,969,6444
1653960701,20220531,5873954476,2320000000000,20%,2899000000000,447,274,normal,969,6444
1653964941,20220531,5873954476,2320000000000,20%,2899000000000,448,274,normal,969,6443
1653969053,20220531,5873954476,2320000000000,20%,2899000000000,447,274,normal,969,6444
1653982473,20220531,5873954476,2320000000000,20%,2899000000000,446,274,normal,969,6444
1653986348,20220531,5873954476,2320000000000,20%,2899000000000,445,274,normal,969,6444
1653989721,20220531,5873954476,2320000000000,20%,2899000000000,446,274,normal,969,6444
1653991378,20220531,5873954476,2320000000000,20%,2899000000000,446,274,normal,970,6444
1654007649,20220531,5873954476,2320000000000,20%,2899000000000,446,274,normal,970,6445
1654015363,20220531,5873954476,2320000000000,20%,2899000000000,446,276,normal,970,6445
1654022306,20220531,5873954476,2320000000000,20%,2899000000000,446,276,normal,970,6444
1654029377,20220531,5873954476,2320000000000,20%,2899000000000,447,276,normal,970,6444
1654042276,20220601,5873954476,2320000000000,20%,2899000000000,447,276,normal,970,6445
1654044431,20220601,5873954476,2320000000000,20%,2899000000000,446,276,normal,970,6445
1654051938,20220601,5873954476,2320000000000,20%,2899000000000,446,276,normal,971,6446
1654057809,20220601,5873954476,2320000000000,20%,2899000000000,446,276,normal,971,6447
1654059569,20220601,5873954476,2320000000000,20%,2899000000000,445,276,normal,971,6447
1654067069,20220601,5873954476,2320000000000,20%,2899000000000,436,276,normal,971,6447
1654072852,20220601,5873954476,2320000000000,20%,2899000000000,436,276,normal,971,6448
1654089467,20220601,5873954476,2320000000000,20%,2899000000000,435,276,normal,971,6448
1654098198,20220601,5873954476,2320000000000,20%,2899000000000,434,276,normal,971,6448
1654099385,20220601,5873954476,2320000000000,20%,2899000000000,433,276,normal,971,6448
1654101723,20220601,5873954476,2320000000000,20%,2899000000000,433,274,normal,971,6448
