data/history/5873954476.csv
time,date,itemid,price,discount,price_before_discount,stock,sold,item_status,cmt_count,liked_count
1654103293,20220601,5873954476,2320000000000,20%,2899000000000,432,274,normal,971,6448
1654119298,20220601,5873954476,2320000000000,20%,2899000000000,433,274,normal,971,6448
1654128652,20220602,5873954476,2320000000000,20%,2899000000000,433,274,normal,971,6448
1654138061,20220602,5873954476,2320000000000,20%,2899000000000,432,274,normal,971,6448
1654143581,20220602,5873954476,2320000000000,20%,2899000000000,432,274,normal,971,6450
1654145121,20220602,5873954476,2320000000000,20%,2899000000000,431,274,normal,971,6450
1654148428,20220602,5873954476,2290000000000,21%,2899000000000,1,274,normal,971,6450
1654149784,20220602,5873954476,2320000000000,20%,2899000000000,433,274,normal,971,6450
1654151978,20220602,5873954476,2320000000000,20%,2899000000000,433,274,normal,971,6452
1654153425,20220602,5873954476,2320000000000,20%,2899000000000,427,274,normal,971,6453
1654155369,20220602,5873954476,2320000000000,20%,2899000000000,430,274,normal,971,6453
1654160579,20220602,5873954476,2320000000000,20%,2899000000000,430,274,normal,972,6453
1654173896,20220602,5873954476,2320000000000,20%,2899000000000,430,274,normal,972,6454
1654188162,20220602,5873954476,2320000000000,20%,2899000000000,429,271,normal,972,6456
1654189784,20220602,5873954476,2320000000000,20%,2899000000000,430,271,normal,972,6455
1654191580,20220602,5873954476,2320000000000,20%,2899000000000,430,271,normal,972,6454
1654192977,20220602,5873954476,2320000000000,20%,2899000000000,430,271,normal,972,6455
1654212810,20220602,5873954476,2320000000000,20%,2899000000000,430,271,normal,972,6454
1654214902,20220603,5873954476,2320000000000,20%,2899000000000,430,271,normal,972,6454
1654217214,20220603,5873954476,2320000000000,20%,2899000000000,429,271,normal,972,6454
1654223713,20220603,5873954476,2320000000000,20%,2899000000000,426,271,normal,972,6454
1654226580,20220603,5873954476,2320000000000,20%,2899000000000,426,271,normal,972,6455
1654228986,20220603,5873954476,2320000000000,20%,2899000000000,425,271,normal,972,6455
1654231097,20220603,5873954476,2320000000000,20%,2899000000000,425,271,normal,972,6454
1654232568,20220603,5873954476,2320000000000,20%,2899000000000,425,271,normal,972,6455
1654234367,20220603,5873954476,2320000000000,20%,2899000000000,424,271,normal,972,6456
1654236170,20220603,5873954476,2320000000000,20%,2899000000000,425,271,normal,972,6456
1654239770,20220603,5873954476,2320000000000,20%,2899000000000,423,271,normal,972,6456
1654243396,20220603,5873954476,2320000000000,20%,2899000000000,422,271,normal,972,6456
1654248897,20220603,5873954476,2320000000000,20%,2899000000000,422,271,normal,972,6457
1654250576,20220603,5873954476,2320000000000,20%,2899000000000,421,271,normal,972,6458
1654254168,20220603,5873954476,2320000000000,20%,2899000000000,383,271,normal,972,6459
1654255936,20220603,5873954476,2320000000000,20%,2899000000000,318,271,normal,972,6460
1654257812,20220603,5873954476,2320000000000,20%,2899000000000,244,271,normal,972,6460
1654260256,20220603,5873954476,2320000000000,20%,2899000000000,206,271,normal,972,6460
1654261975,20220603,5873954476,2320000000000,20%,2899000000000,108,271,normal,972,6460
1654264979,20220603,5873954476,2320000000000,20%,2899000000000,78,271,normal,972,6460
1654266744,20220603,5873954476,2320000000000,20%,2899000000000,48,271,normal,972,6460
1654268574,20220603,5873954476,2320000000000,20%,2899000000000,18,271,normal,972,6461
1654274480,20220603,5873954476,2320000000000,20%,2899000000000,18,270,normal,972,6461
1654275887,20220603,5873954476,2320000000000,20%,2899000000000,17,270,normal,972,6461
1654277602,20220603,5873954476,2320000000000,20%,2899000000000,17,270,normal,972,6462
1654282962,20220603,5873954476,2320000000000,20%,2899000000000,17,270,normal,972,6463
1654295615,20220603,5873954476,2320000000000,20%,2899000000000,17,270,normal,972,6464
1654299183,20220603,5873954476,2320000000000,20%,2899000000000,21,270,normal,972,6464
1654301403,20220604,5873954476,2320000000000,20%,2899000000000,21,270,normal,972,6465
1654309969,20220604,5873954476,2320000000000,20%,2899000000000,22,270,normal,972,6467
1654312821,20220604,5873954476,2320000000000,20%,2899000000000,20,270,normal,972,6467
1654318957,20220604,5873954476,2290000000000,21%,2899000000000,6,270,normal,972,6467
1654320735,20220604,5873954476,2290000000000,21%,2899000000000,5,270,normal,972,6468
1654322597,20220604,5873954476,2320000000000,20%,2899000000000,26,270,normal,972,6468
1654326181,20220604,5873954476,2320000000000,20%,2899000000000,26,270,normal,972,6469
1654329767,20220604,5873954476,2320000000000,20%,2899000000000,26,270,normal,972,6470
1654336958,20220604,5873954476,2320000000000,20%,2899000000000,27,270,normal,972,6471
1654338849,20220604,5873954476,2320000000000,20%,2899000000000,27,270,normal,972,6472
1654360755,20220604,5873954476,2320000000000,20%,2899000000000,26,274,normal,972,6472
1654363961,20220604,5873954476,2320000000000,20%,2899000000000,26,274,normal,972,6473
1654365782,20220604,5873954476,2320000000000,20%,2899000000000,25,274,normal,972,6473
1654372968,20220604,5873954476,2320000000000,20%,2899000000000,25,274,normal,972,6474
1654387851,20220605,5873954476,2320000000000,20%,2899000000000,25,274,normal,972,6474
1654396623,20220605,5873954476,2320000000000,20%,2899000000000,25,274,normal,972,6475
1654401765,20220605,5873954476,2320000000000,20%,2899000000000,25,274,normal,972,6474
1654403848,20220605,5873954476,2320000000000,20%,2899000000000,24,274,normal,972,6474
1654407149,20220605,5873954476,2320000000000,20%,2899000000000,24,274,normal,973,6474
1654410982,20220605,5873954476,2320000000000,20%,2899000000000,25,274,normal,973,6476
1654419756,20220605,5873954476,2320000000000,20%,2899000000000,25,274,normal,973,6475
1654430747,20220605,5873954476,2320000000000,20%,2899000000000,25,274,normal,973,6477
1654432903,20220605,5873954476,2320000000000,20%,2899000000000,25,274,normal,973,6481
1654434422,20220605,5873954476,2320000000000,20%,2899000000000,25,274,normal,973,6483
1654443258,20220605,5873954476,2320000000000,20%,2899000000000,23,274,normal,973,6484
1654444984,20220605,5873954476,2320000000000,20%,2899000000000,23,274,normal,973,6483
1654447162,20220605,5873954476,2320000000000,20%,2899000000000,23,271,normal,973,6483
1654448561,20220605,5873954476,2249000000000,22%,2899000000000,18,271,normal,973,6487
1654450353,20220605,5873954476,2249000000000,22%,2899000000000,26,271,normal,973,6490
1654452215,20220605,5873954476,2249000000000,22%,2899000000000,29,271,normal,973,6494
1654454154,20220605,5873954476,2249000000000,22%,2899000000000,29,271,normal,973,6493
1654455780,20220605,5873954476,2249000000000,22%,2899000000000,8,271,normal,973,6493
1654457528,20220605,5873954476,2249000000000,22%,2899000000000,9,271,normal,973,6494
1654459380,20220605,5873954476,2249000000000,22%,2899000000000,7,271,normal,973,6495
1654462984,20220605,5873954476,2249000000000,22%,2899000000000,6,271,normal,973,6495
1654468382,20220605,5873954476,2249000000000,22%,2899000000000,54,271,normal,973,6496
1654470153,20220605,5873954476,2249000000000,22%,2899000000000,55,271,normal,973,6497
1654474115,20220606,5873954476,2249000000000,22%,2899000000000,53,271,normal,973,6497
1654479107,20220606,5873954476,2249000000000,22%,2899000000000,55,271,normal,973,6500
1654483174,20220606,5873954476,2249000000000,22%,2899000000000,28,271,normal,973,6503
1654486033,20220606,5873954476,2249000000000,22%,2899000000000,120,271,normal,974,6504
1654487296,20220606,5873954476,2249000000000,22%,2899000000000,120,271,normal,974,6506
1654488605,20220606,5873954476,2249000000000,22%,2899000000000,120,271,normal,974,6507
1654490494,20220606,5873954476,2249000000000,22%,2899000000000,109,271,normal,974,6506
1654491862,20220606,5873954476,2249000000000,22%,2899000000000,34,271,normal,974,6506
1654493620,20220606,5873954476,2249000000000,22%,2899000000000,29,271,normal,974,6508
1654495408,20220606,5873954476,2249000000000,22%,2899000000000,37,271,normal,974,6507
1654497464,20220606,5873954476,2249000000000,22%,2899000000000,28,271,normal,974,6507
1654498966,20220606,5873954476,2249000000000,22%,2899000000000,227,271,normal,974,6506
1654500746,20220606,5873954476,2249000000000,22%,2899000000000,226,271,normal,974,6506
1654504569,20220606,5873954476,2249000000000,22%,2899000000000,224,271,normal,974,6505
1654506184,20220606,5873954476,2249000000000,22%,2899000000000,221,271,normal,974,6505
1654508025,20220606,5873954476,2249000000000,22%,2899000000000,222,271,normal,975,6506
1654509794,20220606,5873954476,2249000000000,22%,2899000000000,146,271,normal,975,6507
1654511823,20220606,5873954476,2249000000000,22%,2899000000000,144,271,normal,975,6508
1654513359,20220606,5873954476,2239000000000,23%,2899000000000,85,271,normal,975,6508
1654515132,20220606,5873954476,2239000000000,23%,2899000000000,82,271,normal,975,6508
1654517015,20220606,5873954476,2239000000000,23%,2899000000000,81,271,normal,975,6508
1654519468,20220606,5873954476,2239000000000,23%,2899000000000,78,271,normal,975,6508
1654521297,20220606,5873954476,2239000000000,23%,2899000000000,74,271,normal,975,6510
1654524161,20220606,5873954476,2249000000000,22%,2899000000000,30,271,normal,975,6510
1654527780,20220606,5873954476,2249000000000,22%,2899000000000,282,271,normal,975,6511
1654529768,20220606,5873954476,2249000000000,22%,2899000000000,282,271,normal,975,6513
1654533717,20220606,5873954476,2249000000000,22%,2899000000000,281,265,normal,975,6512
1654535190,20220606,5873954476,2320000000000,20%,2899000000000,282,265,normal,975,6513
1654536890,20220606,5873954476,2320000000000,20%,2899000000000,287,265,normal,975,6513
1654538582,20220606,5873954476,2320000000000,20%,2899000000000,291,265,normal,975,6515
1654540628,20220606,5873954476,2320000000000,20%,2899000000000,292,265,normal,975,6515
1654560510,20220607,5873954476,2320000000000,20%,2899000000000,293,265,normal,975,6516
1654562802,20220607,5873954476,2320000000000,20%,2899000000000,293,265,normal,975,6517
1654569404,20220607,5873954476,2320000000000,20%,2899000000000,296,265,normal,975,6517
1654573671,20220607,5873954476,2320000000000,20%,2899000000000,295,265,normal,975,6517
1654574872,20220607,5873954476,2320000000000,20%,2899000000000,295,265,normal,976,6517
1654578169,20220607,5873954476,2320000000000,20%,2899000000000,297,265,normal,976,6517
1654579952,20220607,5873954476,2320000000000,20%,2899000000000,296,265,normal,977,6517
1654583848,20220607,5873954476,2320000000000,20%,2899000000000,297,265,normal,977,6517
1654585382,20220607,5873954476,2320000000000,20%,2899000000000,298,265,normal,977,6518
1654588994,20220607,5873954476,2320000000000,20%,2899000000000,298,265,normal,977,6521
1654591065,20220607,5873954476,2320000000000,20%,2899000000000,298,265,normal,978,6521
1654592586,20220607,5873954476,2320000000000,20%,2899000000000,298,265,normal,979,6521
1654594410,20220607,5873954476,2290000000000,21%,2899000000000,298,265,normal,979,6521
1654596172,20220607,5873954476,2290000000000,21%,2899000000000,298,265,normal,979,6523
1654598155,20220607,5873954476,2290000000000,21%,2899000000000,297,265,normal,979,6523
1654599827,20220607,5873954476,2290000000000,21%,2899000000000,294,265,normal,979,6523
1654601553,20220607,5873954476,2290000000000,21%,2899000000000,293,265,normal,979,6523
1654603716,20220607,5873954476,2290000000000,21%,2899000000000,292,265,normal,979,6524
1654605865,20220607,5873954476,2290000000000,21%,2899000000000,293,265,normal,980,6524
1654607642,20220607,5873954476,2290000000000,21%,2899000000000,291,265,normal,980,6524
1654609433,20220607,5873954476,2290000000000,21%,2899000000000,291,265,normal,980,6525
1654612392,20220607,5873954476,2290000000000,21%,2899000000000,292,265,normal,980,6525
1654614162,20220607,5873954476,2290000000000,21%,2899000000000,293,265,normal,980,6527
1654617784,20220607,5873954476,2290000000000,21%,2899000000000,292,265,normal,980,6527
1654620123,20220607,5873954476,2290000000000,21%,2899000000000,293,267,normal,980,6527
1654623432,20220607,5873954476,2290000000000,21%,2899000000000,291,267,normal,980,6527
1654626995,20220607,5873954476,2290000000000,21%,2899000000000,291,267,normal,980,6528
1654628570,20220607,5873954476,2290000000000,21%,2899000000000,290,267,normal,980,6528
1654634370,20220607,5873954476,2290000000000,21%,2899000000000,290,267,normal,980,6529
1654644800,20220607,5873954476,2290000000000,21%,2899000000000,290,267,normal,980,6530
1654646895,20220608,5873954476,2290000000000,21%,2899000000000,290,267,normal,980,6530
1654649251,20220608,5873954476,2290000000000,21%,2899000000000,290,267,normal,980,6531
1654651902,20220608,5873954476,2290000000000,21%,2899000000000,289,267,normal,980,6531
1654656067,20220608,5873954476,2290000000000,21%,2899000000000,290,267,normal,980,6534
1654660314,20220608,5873954476,2290000000000,21%,2899000000000,291,267,normal,981,6535
1654666371,20220608,5873954476,2290000000000,21%,2899000000000,291,267,normal,982,6536
1654670226,20220608,5873954476,2290000000000,21%,2899000000000,291,267,normal,982,6537
1654671775,20220608,5873954476,2290000000000,21%,2899000000000,291,267,normal,982,6540
1654673603,20220608,5873954476,2290000000000,21%,2899000000000,291,267,normal,982,6541
1654675401,20220608,5873954476,2290000000000,21%,2899000000000,290,267,normal,982,6542
1654680873,20220608,5873954476,2290000000000,21%,2899000000000,289,267,normal,982,6542
1654684559,20220608,5873954476,2290000000000,21%,2899000000000,289,267,normal,982,6543
1654687944,20220608,5873954476,2290000000000,21%,2899000000000,289,267,normal,984,6543
1654692272,20220608,5873954476,2290000000000,21%,2899000000000,290,267,normal,984,6543
1654694065,20220608,5873954476,2290000000000,21%,2899000000000,290,267,normal,984,6544
1654695837,20220608,5873954476,2290000000000,21%,2899000000000,291,267,normal,984,6545
1654700566,20220608,5873954476,2290000000000,21%,2899000000000,291,267,normal,984,6546
1654706446,20220608,5873954476,2290000000000,21%,2899000000000,291,263,normal,984,6547
1654707874,20220608,5873954476,2290000000000,21%,2899000000000,291,263,normal,984,6546
1654733327,20220609,5873954476,2290000000000,21%,2899000000000,291,263,normal,984,6546
1654738243,20220609,5873954476,2290000000000,21%,2899000000000,292,263,normal,984,6547
1654742519,20220609,5873954476,2290000000000,21%,2899000000000,291,263,normal,984,6547
1654745394,20220609,5873954476,2290000000000,21%,2899000000000,291,263,normal,984,6549
1654746708,20220609,5873954476,2290000000000,21%,2899000000000,291,263,normal,985,6550
1654747778,20220609,5873954476,2290000000000,21%,2899000000000,291,263,normal,985,6551
1654749639,20220609,5873954476,2290000000000,21%,2899000000000,291,263,normal,985,6552
1654751001,20220609,5873954476,2290000000000,21%,2899000000000,291,263,normal,985,6553
1654754576,20220609,5873954476,2290000000000,21%,2899000000000,291,263,normal,985,6556
1654758175,20220609,5873954476,2290000000000,21%,2899000000000,291,263,normal,985,6557
1654759971,20220609,5873954476,2290000000000,21%,2899000000000,290,263,normal,985,6557
1654761787,20220609,5873954476,2290000000000,21%,2899000000000,290,263,normal,985,6558
1654763970,20220609,5873954476,2290000000000,21%,2899000000000,289,263,normal,986,6558
1654765396,20220609,5873954476,2290000000000,21%,2899000000000,289,253,normal,986,6558
1654767293,20220609,5873954476,2290000000000,21%,2899000000000,289,263,normal,986,6558
1654770996,20220609,5873954476,2290000000000,21%,2899000000000,289,263,normal,986,6559
1654772567,20220609,5873954476,2290000000000,21%,2899000000000,289,263,normal,986,6561
1654778687,20220609,5873954476,2290000000000,21%,2899000000000,289,263,normal,986,6560
1654780519,20220609,5873954476,2290000000000,21%,2899000000000,289,263,normal,986,6563
1654782139,20220609,5873954476,2290000000000,21%,2899000000000,287,263,normal,986,6564
1654785171,20220609,5873954476,2290000000000,21%,2899000000000,287,263,normal,987,6564
1654786981,20220609,5873954476,2290000000000,21%,2899000000000,287,263,normal,987,6565
1654788911,20220609,5873954476,2290000000000,21%,2899000000000,287,263,normal,987,6566
1654792918,20220609,5873954476,2290000000000,21%,2899000000000,287,255,normal,987,6566
1654794377,20220609,5873954476,2290000000000,21%,2899000000000,287,255,normal,987,6567
1654796145,20220609,5873954476,2290000000000,21%,2899000000000,290,255,normal,987,6568
1654799813,20220609,5873954476,2290000000000,21%,2899000000000,290,255,normal,987,6569
1654803132,20220609,5873954476,2290000000000,21%,2899000000000,290,255,normal,987,6570
1654806860,20220609,5873954476,2290000000000,21%,2899000000000,290,255,normal,987,6571
1654819771,20220610,5873954476,2290000000000,21%,2899000000000,290,255,normal,987,6571
1654822069,20220610,5873954476,2290000000000,21%,2899000000000,290,255,normal,987,6572
1654824933,20220610,5873954476,2290000000000,21%,2899000000000,290,255,normal,987,6573
1654828845,20220610,5873954476,2290000000000,21%,2899000000000,289,255,normal,987,6575
1654831620,20220610,5873954476,2290000000000,21%,2899000000000,289,255,normal,988,6577
1654835980,20220610,5873954476,2290000000000,21%,2899000000000,289,255,normal,988,6579
1654839156,20220610,5873954476,2290000000000,21%,2899000000000,289,255,normal,988,6581
1654846410,20220610,5873954476,2290000000000,21%,2899000000000,290,255,normal,988,6581
1654848181,20220610,5873954476,2290000000000,21%,2899000000000,290,255,normal,988,6583
1654850451,20220610,5873954476,2290000000000,21%,2899000000000,290,255,normal,988,6584
1654855373,20220610,5873954476,2290000000000,21%,2899000000000,290,255,normal,988,6585
1654860745,20220610,5873954476,2290000000000,21%,2899000000000,290,255,normal,988,6587
1654871566,20220610,5873954476,2290000000000,21%,2899000000000,290,255,normal,988,6588
1654873401,20220610,5873954476,2290000000000,21%,2899000000000,290,255,normal,988,6590
1654875395,20220610,5873954476,2290000000000,21%,2899000000000,290,255,normal,988,6591
