data/history/5873954476.csv
time,date,itemid,price,discount,price_before_discount,stock,sold,item_status,cmt_count,liked_count
1654876988,20220610,5873954476,2290000000000,21%,2899000000000,290,255,normal,988,6592
1654879341,20220610,5873954476,2290000000000,21%,2899000000000,291,255,normal,988,6593
1654880743,20220610,5873954476,2290000000000,21%,2899000000000,291,255,normal,988,6594
1654882534,20220610,5873954476,2290000000000,21%,2899000000000,291,255,normal,988,6596
1654884171,20220610,5873954476,2290000000000,21%,2899000000000,290,255,normal,988,6598
1654906131,20220611,5873954476,2290000000000,21%,2899000000000,290,255,normal,988,6598
1654908432,20220611,5873954476,2290000000000,21%,2899000000000,290,255,normal,988,6599
1654917909,20220611,5873954476,2290000000000,21%,2899000000000,289,255,normal,988,6600
1654919080,20220611,5873954476,2290000000000,21%,2899000000000,290,255,normal,988,6600
1654922318,20220611,5873954476,2290000000000,21%,2899000000000,290,255,normal,988,6603
1654923755,20220611,5873954476,2290000000000,21%,2899000000000,290,255,normal,988,6604
1654927385,20220611,5873954476,2290000000000,21%,2899000000000,290,255,normal,988,6605
1654929388,20220611,5873954476,2290000000000,21%,2899000000000,290,255,normal,988,6608
1654934579,20220611,5873954476,2290000000000,21%,2899000000000,290,255,normal,988,6609
1654936548,20220611,5873954476,2290000000000,21%,2899000000000,289,255,normal,988,6610
1654939976,20220611,5873954476,2290000000000,21%,2899000000000,289,255,normal,988,6609
1654941768,20220611,5873954476,2290000000000,21%,2899000000000,289,255,normal,988,6610
1654943667,20220611,5873954476,2290000000000,21%,2899000000000,290,255,normal,988,6610
1654949057,20220611,5873954476,2290000000000,21%,2899000000000,290,255,normal,989,6610
1654954546,20220611,5873954476,2290000000000,21%,2899000000000,290,255,normal,990,6610
1654957935,20220611,5873954476,2290000000000,21%,2899000000000,290,255,normal,991,6610
1654961656,20220611,5873954476,2290000000000,21%,2899000000000,290,255,normal,992,6610
1654963372,20220611,5873954476,2290000000000,21%,2899000000000,290,255,normal,992,6611
1654965557,20220611,5873954476,2290000000000,21%,2899000000000,290,259,normal,992,6611
1654970574,20220611,5873954476,2290000000000,21%,2899000000000,290,259,normal,992,6612
1654992556,20220612,5873954476,2290000000000,21%,2899000000000,290,259,normal,992,6613
1654994811,20220612,5873954476,2290000000000,21%,2899000000000,290,259,normal,992,6614
1655005674,20220612,5873954476,2290000000000,21%,2899000000000,290,259,normal,993,6615
1655011948,20220612,5873954476,2290000000000,21%,2899000000000,290,259,normal,993,6616
1655013825,20220612,5873954476,2290000000000,21%,2899000000000,290,259,normal,993,6617
1655017363,20220612,5873954476,2290000000000,21%,2899000000000,290,259,normal,993,6618
1655026410,20220612,5873954476,2290000000000,21%,2899000000000,290,259,normal,994,6619
1655028157,20220612,5873954476,2290000000000,21%,2899000000000,290,259,normal,994,6620
1655030059,20220612,5873954476,2290000000000,21%,2899000000000,290,259,normal,994,6621
1655031775,20220612,5873954476,2290000000000,21%,2899000000000,290,259,normal,994,6620
1655035386,20220612,5873954476,2290000000000,21%,2899000000000,290,259,normal,994,6621
1655039222,20220612,5873954476,2290000000000,21%,2899000000000,290,259,normal,994,6622
1655042571,20220612,5873954476,2290000000000,21%,2899000000000,290,259,normal,994,6623
1655044328,20220612,5873954476,2290000000000,21%,2899000000000,290,259,normal,994,6624
1655046180,20220612,5873954476,2290000000000,21%,2899000000000,290,259,normal,994,6625
1655048061,20220612,5873954476,2290000000000,21%,2899000000000,290,259,normal,994,6626
1655051968,20220612,5873954476,2290000000000,21%,2899000000000,290,256,normal,994,6626
1655055165,20220612,5873954476,2290000000000,21%,2899000000000,287,256,normal,994,6627
1655060568,20220612,5873954476,2290000000000,21%,2899000000000,287,256,normal,994,6628
1655079010,20220613,5873954476,2290000000000,21%,2899000000000,287,256,normal,994,6628
1655088320,20220613,5873954476,2290000000000,21%,2899000000000,287,256,normal,994,6630
1655093714,20220613,5873954476,2290000000000,21%,2899000000000,288,256,normal,994,6631
1655102301,20220613,5873954476,2290000000000,21%,2899000000000,287,256,normal,994,6632
1655103777,20220613,5873954476,2290000000000,21%,2899000000000,287,256,normal,994,6633
1655114589,20220613,5873954476,2290000000000,21%,2899000000000,290,256,normal,996,6634
1655121822,20220613,5873954476,2290000000000,21%,2899000000000,290,256,normal,996,6635
1655124288,20220613,5873954476,2290000000000,21%,2899000000000,289,256,normal,996,6637
1655132625,20220613,5873954476,2290000000000,21%,2899000000000,289,256,normal,996,6638
1655140005,20220613,5873954476,2290000000000,21%,2899000000000,289,251,normal,996,6639
1655148726,20220613,5873954476,2290000000000,21%,2899000000000,289,251,normal,996,6641
1655157770,20220613,5873954476,2290000000000,21%,2899000000000,289,251,normal,996,6642
1655161388,20220613,5873954476,2290000000000,21%,2899000000000,289,251,normal,996,6643
1655165472,20220614,5873954476,2290000000000,21%,2899000000000,289,251,normal,996,6644
1655167654,20220614,5873954476,2290000000000,21%,2899000000000,290,251,normal,996,6644
1655174809,20220614,5873954476,2290000000000,21%,2899000000000,290,251,normal,997,6646
1655177846,20220614,5873954476,2290000000000,21%,2899000000000,289,251,normal,997,6647
1655185204,20220614,5873954476,2290000000000,21%,2899000000000,289,251,normal,997,6648
1655188683,20220614,5873954476,2290000000000,21%,2899000000000,277,251,normal,997,6649
1655190172,20220614,5873954476,2290000000000,21%,2899000000000,277,251,normal,997,6650
1655197379,20220614,5873954476,2290000000000,21%,2899000000000,277,251,normal,998,6651
1655206336,20220614,5873954476,2290000000000,21%,2899000000000,167,251,normal,998,6651
1655208213,20220614,5873954476,2290000000000,21%,2899000000000,167,251,normal,998,6652
1655212402,20220614,5873954476,2290000000000,21%,2899000000000,167,251,normal,999,6654
1655214087,20220614,5873954476,2290000000000,21%,2899000000000,167,251,normal,999,6653
1655220992,20220614,5873954476,2290000000000,21%,2899000000000,167,251,normal,999,6656
1655224902,20220614,5873954476,2290000000000,21%,2899000000000,167,241,normal,999,6661
1655231865,20220614,5873954476,2239000000000,23%,2899000000000,107,241,normal,999,6665
1655240557,20220614,5873954476,2239000000000,23%,2899000000000,107,241,normal,999,6668
1655244178,20220614,5873954476,2239000000000,23%,2899000000000,107,241,normal,999,6669
1655247777,20220614,5873954476,2239000000000,23%,2899000000000,107,241,normal,999,6668
1655251834,20220615,5873954476,2239000000000,23%,2899000000000,106,241,normal,999,6669
1655254041,20220615,5873954476,2239000000000,23%,2899000000000,105,241,normal,999,6670
1655256702,20220615,5873954476,2239000000000,23%,2899000000000,103,241,normal,999,6670
1655261207,20220615,5873954476,2239000000000,23%,2899000000000,101,241,normal,999,6670
1655263869,20220615,5873954476,2239000000000,23%,2899000000000,101,241,normal,999,6672
1655266467,20220615,5873954476,2239000000000,23%,2899000000000,100,241,normal,999,6672
1655268180,20220615,5873954476,2239000000000,23%,2899000000000,97,241,normal,999,6673
1655269561,20220615,5873954476,2239000000000,23%,2899000000000,110,241,normal,999,6674
1655271309,20220615,5873954476,2239000000000,23%,2899000000000,110,241,normal,999,6679
1655272985,20220615,5873954476,2239000000000,23%,2899000000000,111,241,normal,999,6681
1655275033,20220615,5873954476,2239000000000,23%,2899000000000,109,241,normal,999,6682
1655276569,20220615,5873954476,2239000000000,23%,2899000000000,108,241,normal,999,6683
1655278440,20220615,5873954476,2239000000000,23%,2899000000000,109,241,normal,999,6683
1655280184,20220615,5873954476,2239000000000,23%,2899000000000,106,241,normal,999,6685
1655319773,20220615,5873954476,2290000000000,21%,2899000000000,141,243,normal,1000,6690
1655328775,20220615,5873954476,2290000000000,21%,2899000000000,141,243,normal,1000,6691
1655372115,20220616,5873954476,2290000000000,21%,2899000000000,145,243,normal,1000,6695
1655377363,20220616,5873954476,2290000000000,21%,2899000000000,147,243,normal,1000,6695
1655379140,20220616,5873954476,2290000000000,21%,2899000000000,164,243,normal,1000,6695
1655385272,20220616,5873954476,2290000000000,21%,2899000000000,165,243,normal,1000,6695
1655386937,20220616,5873954476,2290000000000,21%,2899000000000,165,243,normal,1000,6696
1655389974,20220616,5873954476,2290000000000,21%,2899000000000,165,243,normal,1000,6697
1655395379,20220616,5873954476,2290000000000,21%,2899000000000,165,243,normal,1000,6698
1655397741,20220616,5873954476,2290000000000,21%,2899000000000,165,234,normal,1000,6698
1655399160,20220616,5873954476,2290000000000,21%,2899000000000,166,234,normal,1000,6698
1655401293,20220616,5873954476,2290000000000,21%,2899000000000,166,234,normal,1000,6699
1655402570,20220616,5873954476,2290000000000,21%,2899000000000,166,234,normal,1000,6700
1655406160,20220616,5873954476,2290000000000,21%,2899000000000,166,234,normal,1000,6703
1655409782,20220616,5873954476,2290000000000,21%,2899000000000,166,234,normal,1000,6704
1655424567,20220617,5873954476,2290000000000,21%,2899000000000,166,234,normal,1000,6704
1655429444,20220617,5873954476,2290000000000,21%,2899000000000,165,234,normal,1000,6704
1655433879,20220617,5873954476,2290000000000,21%,2899000000000,277,234,normal,1000,6705
1655451172,20220617,5873954476,2290000000000,21%,2899000000000,277,234,normal,1000,6707
1655453301,20220617,5873954476,2290000000000,21%,2899000000000,277,234,normal,1000,6706
1655462137,20220617,5873954476,2290000000000,21%,2899000000000,275,234,normal,1001,6706
1655467413,20220617,5873954476,2290000000000,21%,2899000000000,275,234,normal,1001,6713
1655469849,20220617,5873954476,2290000000000,21%,2899000000000,275,234,normal,1001,6720
1655473250,20220617,5873954476,2290000000000,21%,2899000000000,275,234,normal,1001,6722
1655474577,20220617,5873954476,2290000000000,21%,2899000000000,275,234,normal,1001,6725
1655476410,20220617,5873954476,2290000000000,21%,2899000000000,275,234,normal,1001,6736
1655478166,20220617,5873954476,2290000000000,21%,2899000000000,275,234,normal,1001,6743
1655480162,20220617,5873954476,2290000000000,21%,2899000000000,275,234,normal,1001,6747
1655481964,20220617,5873954476,2290000000000,21%,2899000000000,275,234,normal,1001,6750
1655484053,20220617,5873954476,2290000000000,21%,2899000000000,274,222,normal,1001,6753
1655485477,20220617,5873954476,2290000000000,21%,2899000000000,274,222,normal,1001,6759
1655488977,20220617,5873954476,2290000000000,21%,2899000000000,273,222,normal,1001,6759
1655494332,20220617,5873954476,2290000000000,21%,2899000000000,273,222,normal,1001,6760
1655505253,20220617,5873954476,2290000000000,21%,2899000000000,274,222,normal,1001,6760
1655510982,20220618,5873954476,2290000000000,21%,2899000000000,274,222,normal,1001,6760
1655515949,20220618,5873954476,2290000000000,21%,2899000000000,274,222,normal,1001,6761
1655522833,20220618,5873954476,2290000000000,21%,2899000000000,274,222,normal,1001,6762
1655525201,20220618,5873954476,2290000000000,21%,2899000000000,274,222,normal,1001,6763
1655528556,20220618,5873954476,2290000000000,21%,2899000000000,274,222,normal,1001,6764
1655535764,20220618,5873954476,2290000000000,21%,2899000000000,274,222,normal,1001,6765
1655551941,20220618,5873954476,2290000000000,21%,2899000000000,273,222,normal,1002,6765
1655564568,20220618,5873954476,2290000000000,21%,2899000000000,273,222,normal,1002,6766
1655568177,20220618,5873954476,2290000000000,21%,2899000000000,273,222,normal,1002,6767
1655570375,20220618,5873954476,2290000000000,21%,2899000000000,273,217,normal,1002,6769
1655580728,20220618,5873954476,2290000000000,21%,2899000000000,273,217,normal,1002,6768
1655586165,20220618,5873954476,2290000000000,21%,2899000000000,273,217,normal,1002,6769
1655597393,20220619,5873954476,2290000000000,21%,2899000000000,273,217,normal,1002,6769
1655611948,20220619,5873954476,2290000000000,21%,2899000000000,273,217,normal,1002,6770
1655616803,20220619,5873954476,2290000000000,21%,2899000000000,273,217,normal,1003,6770
1655620601,20220619,5873954476,2290000000000,21%,2899000000000,273,217,normal,1003,6771
1655623944,20220619,5873954476,2290000000000,21%,2899000000000,273,217,normal,1003,6770
1655629368,20220619,5873954476,2290000000000,21%,2899000000000,273,217,normal,1003,6769
1655640203,20220619,5873954476,2290000000000,21%,2899000000000,273,217,normal,1003,6770
1655650957,20220619,5873954476,2290000000000,21%,2899000000000,273,217,normal,1003,6771
1655654568,20220619,5873954476,2290000000000,21%,2899000000000,273,217,normal,1003,6772
1655656769,20220619,5873954476,2290000000000,21%,2899000000000,273,214,normal,1003,6772
1655658184,20220619,5873954476,2290000000000,21%,2899000000000,273,214,normal,1003,6773
1655659983,20220619,5873954476,2290000000000,21%,2899000000000,273,214,normal,1003,6772
1655665361,20220619,5873954476,2290000000000,21%,2899000000000,272,214,normal,1003,6773
1655683764,20220620,5873954476,2290000000000,21%,2899000000000,272,214,normal,1003,6773
1655688641,20220620,5873954476,2290000000000,21%,2899000000000,272,214,normal,1003,6774
1655692779,20220620,5873954476,2290000000000,21%,2899000000000,272,214,normal,1003,6775
1655700012,20220620,5873954476,2290000000000,21%,2899000000000,272,214,normal,1003,6776
1655708581,20220620,5873954476,2290000000000,21%,2899000000000,272,214,normal,1003,6777
1655715771,20220620,5873954476,2290000000000,21%,2899000000000,272,214,normal,1003,6778
1655719380,20220620,5873954476,2290000000000,21%,2899000000000,271,214,normal,1003,6779
1655721395,20220620,5873954476,2290000000000,21%,2899000000000,271,214,normal,1003,6778
1655729078,20220620,5873954476,2290000000000,21%,2899000000000,270,214,normal,1003,6778
1655732650,20220620,5873954476,2290000000000,21%,2899000000000,269,214,normal,1003,6778
1655737648,20220620,5873954476,2290000000000,21%,2899000000000,269,214,normal,1003,6780
1655743321,20220620,5873954476,2290000000000,21%,2899000000000,269,211,normal,1003,6780
1655744797,20220620,5873954476,2290000000000,21%,2899000000000,269,214,normal,1003,6780
1655746635,20220620,5873954476,2290000000000,21%,2899000000000,269,211,normal,1003,6780
1655748173,20220620,5873954476,2290000000000,21%,2899000000000,269,211,normal,1003,6781
1655753531,20220620,5873954476,2290000000000,21%,2899000000000,269,211,normal,1004,6781
1655758966,20220620,5873954476,2290000000000,21%,2899000000000,269,211,normal,1004,6782
1655770148,20220621,5873954476,2290000000000,21%,2899000000000,269,211,normal,1004,6782
1655779379,20220621,5873954476,2290000000000,21%,2899000000000,269,211,normal,1004,6783
1655782236,20220621,5873954476,2290000000000,21%,2899000000000,269,211,normal,1004,6782
1655788014,20220621,5873954476,2290000000000,21%,2899000000000,270,211,normal,1004,6781
1655793524,20220621,5873954476,2290000000000,21%,2899000000000,269,211,normal,1004,6782
1655800949,20220621,5873954476,2290000000000,21%,2899000000000,269,211,normal,1004,6783
1655802465,20220621,5873954476,2290000000000,21%,2899000000000,273,211,normal,1004,6785
1655820435,20220621,5873954476,2290000000000,21%,2899000000000,273,211,normal,1004,6787
1655823782,20220621,5873954476,2290000000000,21%,2899000000000,273,211,normal,1004,6786
1655829795,20220621,5873954476,2290000000000,21%,2899000000000,273,218,normal,1004,6786
1655833226,20220621,5873954476,2290000000000,21%,2899000000000,273,218,normal,1004,6787
1655838164,20220621,5873954476,2290000000000,21%,2899000000000,273,218,normal,1004,6788
1655843678,20220621,5873954476,2290000000000,21%,2899000000000,273,218,normal,1004,6789
1655856699,20220622,5873954476,2290000000000,21%,2899000000000,273,218,normal,1004,6789
1655858852,20220622,5873954476,2290000000000,21%,2899000000000,273,218,normal,1004,6790
1655865909,20220622,5873954476,2290000000000,21%,2899000000000,274,218,normal,1004,6790
1655868637,20220622,5873954476,2290000000000,21%,2899000000000,274,218,normal,1005,6790
1655871169,20220622,5873954476,2290000000000,21%,2899000000000,273,218,normal,1006,6790
1655879873,20220622,5873954476,2290000000000,21%,2899000000000,272,218,normal,1006,6791
1655883194,20220622,5873954476,2290000000000,21%,2899000000000,272,218,normal,1006,6792
1655887180,20220622,5873954476,2260000000000,22%,2899000000000,272,218,normal,1006,6793
1655888567,20220622,5873954476,2260000000000,22%,2899000000000,270,218,normal,1006,6793
1655895761,20220622,5873954476,2260000000000,22%,2899000000000,269,218,normal,1006,6793
1655901865,20220622,5873954476,2260000000000,22%,2899000000000,269,218,normal,1007,6793
1655903643,20220622,5873954476,2260000000000,22%,2899000000000,269,218,normal,1007,6792
1655905468,20220622,5873954476,2260000000000,22%,2899000000000,268,218,normal,1007,6792
1655908395,20220622,5873954476,2260000000000,22%,2899000000000,267,218,normal,1007,6793
1655913783,20220622,5873954476,2260000000000,22%,2899000000000,266,218,normal,1007,6793
1655916113,20220622,5873954476,2260000000000,22%,2899000000000,265,222,normal,1007,6793
1655923143,20220622,5873954476,2260000000000,22%,2899000000000,266,222,normal,1007,6793
1655931775,20220622,5873954476,2260000000000,22%,2899000000000,266,222,normal,1007,6794
1655940878,20220622,5873954476,2260000000000,22%,2899000000000,265,222,normal,1007,6795
1655942952,20220623,5873954476,2260000000000,22%,2899000000000,265,222,normal,1007,6795
1655948105,20220623,5873954476,2260000000000,22%,2899000000000,265,222,normal,1007,6793
1655952414,20220623,5873954476,2260000000000,22%,2899000000000,265,222,normal,1007,6794
1655962545,20220623,5873954476,2260000000000,22%,2899000000000,265,222,normal,1007,6793
1655966311,20220623,5873954476,2260000000000,22%,2899000000000,253,222,normal,1007,6795
1655969607,20220623,5873954476,2260000000000,22%,2899000000000,252,222,normal,1007,6796
1655971385,20220623,5873954476,2260000000000,22%,2899000000000,252,222,normal,1007,6798
